2026-05-08 12:12:06.102 [info] [main] Log level: Info
2026-05-08 12:12:06.102 [info] [main] Validating found git in: "git"
2026-05-08 12:12:06.240 [info] [main] Using git "2.53.0" from "git"
2026-05-08 12:12:06.240 [info] [Model][doInitialScan] Initial repository scan started
2026-05-08 12:12:07.182 [info] > git rev-parse --show-toplevel [568ms]
2026-05-08 12:12:07.338 [info] > git rev-parse --git-dir --git-common-dir --show-superproject-working-tree [136ms]
2026-05-08 12:12:09.534 [info] [Model][openRepository] Opened repository (path): /workspaces/family-monitor
2026-05-08 12:12:09.534 [info] [Model][openRepository] Opened repository (real path): /workspaces/family-monitor
2026-05-08 12:12:09.534 [info] [Model][openRepository] Opened repository (kind): repository
2026-05-08 12:12:10.118 [info] > git rev-parse --show-toplevel [295ms]
2026-05-08 12:12:10.120 [info] > git config --get commit.template [334ms]
2026-05-08 12:12:11.532 [info] > git rev-parse --show-toplevel [227ms]
2026-05-08 12:12:11.699 [info] > git rev-parse --git-dir --git-common-dir --show-superproject-working-tree [92ms]
2026-05-08 12:12:11.794 [info] > git for-each-ref --format=%(refname)%00%(upstream:short)%00%(objectname)%00%(upstream:track)%00%(upstream:remotename)%00%(upstream:remoteref) refs/heads/main refs/remotes/main [410ms]
2026-05-08 12:12:11.883 [warning] [Git][revParse] Unable to read file: ENOENT: no such file or directory, open '/workspaces/family-monitor/.git/refs/remotes/origin/main'
2026-05-08 12:12:11.900 [info] [Model][openRepository] Opened repository (path): /workspaces/family-monitor/flutter
2026-05-08 12:12:11.900 [info] [Model][openRepository] Opened repository (real path): /workspaces/family-monitor/flutter
2026-05-08 12:12:11.900 [info] [Model][openRepository] Opened repository (kind): repository
2026-05-08 12:12:11.933 [info] [Model][doInitialScan] Initial repository scan completed - repositories (2), closed repositories (0), parent repositories (0), unsafe repositories (0)
2026-05-08 12:12:12.023 [info] > git rev-parse refs/remotes/origin/main [140ms]
2026-05-08 12:12:12.171 [info] > git config --get commit.template [213ms]
2026-05-08 12:12:12.173 [info] > git for-each-ref --sort -committerdate --format %(refname)%00%(objectname)%00%(*objectname) [55ms]
2026-05-08 12:12:12.263 [info] > git for-each-ref --format=%(refname)%00%(upstream:short)%00%(objectname)%00%(upstream:track)%00%(upstream:remotename)%00%(upstream:remoteref) refs/heads/stable refs/remotes/stable [69ms]
2026-05-08 12:12:12.288 [warning] [Git][revParse] Unable to read file: ENOENT: no such file or directory, open '/workspaces/family-monitor/flutter/.git/refs/remotes/origin/stable'
2026-05-08 12:12:12.297 [info] > git rev-parse refs/remotes/origin/stable [9ms]
2026-05-08 12:12:12.378 [info] > git status -z -uall [301ms]
2026-05-08 12:12:12.378 [info] > git for-each-ref --sort -committerdate --format %(refname)%00%(objectname)%00%(*objectname) [23ms]
2026-05-08 12:12:13.742 [info] > git for-each-ref --format=%(refname)%00%(upstream:short)%00%(objectname)%00%(upstream:track)%00%(upstream:remotename)%00%(upstream:remoteref) refs/heads/main refs/remotes/main [1264ms]
2026-05-08 12:12:13.833 [info] > git config --get --local branch.main.vscode-merge-base [55ms]
2026-05-08 12:12:13.856 [info] > git config --get commit.template [1008ms]
2026-05-08 12:12:13.898 [info] > git for-each-ref --format=%(refname)%00%(upstream:short)%00%(objectname)%00%(upstream:track)%00%(upstream:remotename)%00%(upstream:remoteref) refs/heads/origin/main refs/remotes/origin/main [43ms]
2026-05-08 12:12:13.937 [info] > git for-each-ref --format=%(refname)%00%(upstream:short)%00%(objectname)%00%(upstream:track)%00%(upstream:remotename)%00%(upstream:remoteref) refs/heads/main refs/remotes/main [41ms]
2026-05-08 12:12:13.939 [info] > git merge-base refs/heads/main refs/remotes/origin/main [14ms]
2026-05-08 12:12:13.960 [warning] [Git][revParse] Unable to read file: ENOENT: no such file or directory, open '/workspaces/family-monitor/.git/refs/remotes/origin/main'
2026-05-08 12:12:14.045 [info] > git config --local -l [20ms]
2026-05-08 12:12:14.048 [info] > git rev-parse refs/remotes/origin/main [88ms]
2026-05-08 12:12:14.109 [info] > git config --local -l [69ms]
2026-05-08 12:12:14.112 [info] > git for-each-ref --sort -committerdate --format %(refname)%00%(objectname)%00%(*objectname) [22ms]
2026-05-08 12:12:14.317 [info] > git status -z -uall [249ms]
2026-05-08 12:12:14.317 [info] > git config --local -l [42ms]
2026-05-08 12:12:14.318 [info] > git config --local -l [64ms]
2026-05-08 12:12:14.319 [info] > git config --local -l [85ms]
2026-05-08 12:12:14.320 [info] > git config --local -l [108ms]
2026-05-08 12:12:14.320 [info] > git diff --raw --numstat --diff-filter=ADMR -z --find-renames=50% 52f4388e067adca7858d50559969b799c85de997...refs/remotes/origin/main -- [370ms]
2026-05-08 12:12:16.490 [info] > git config --local -l [315ms]
2026-05-08 12:12:16.502 [info] > git config --local -l [407ms]
2026-05-08 12:12:16.503 [info] > git config --local -l [437ms]
2026-05-08 12:12:16.504 [info] > git config --local -l [471ms]
2026-05-08 12:12:16.505 [info] > git config --local -l [510ms]
2026-05-08 12:12:17.625 [info] > git config --local -l [245ms]
2026-05-08 12:12:17.640 [info] > git for-each-ref --count=10 --sort -committerdate --format %(refname)%00%(objectname)%00%(*objectname) refs/heads/ [274ms]
2026-05-08 12:12:17.673 [info] > git config --local -l [314ms]
2026-05-08 12:12:17.674 [info] > git config --local -l [329ms]
2026-05-08 12:12:17.675 [info] > git config --local -l [353ms]
2026-05-08 12:12:17.676 [info] > git config --local -l [386ms]
2026-05-08 12:12:17.707 [info] > git config --local -l [35ms]
2026-05-08 12:12:18.509 [info] > git for-each-ref --format=%(refname)%00%(upstream:short)%00%(objectname)%00%(upstream:track)%00%(upstream:remotename)%00%(upstream:remoteref) refs/heads/stable refs/remotes/stable [774ms]
2026-05-08 12:12:26.068 [info] > git status -z -uall [13754ms]
2026-05-08 12:12:26.276 [info] > git for-each-ref --format=%(refname)%00%(upstream:short)%00%(objectname)%00%(upstream:track)%00%(upstream:remotename)%00%(upstream:remoteref) refs/heads/stable refs/remotes/stable [146ms]
2026-05-08 12:12:26.276 [info] > git for-each-ref --format=%(refname)%00%(upstream:short)%00%(objectname)%00%(upstream:track)%00%(upstream:remotename)%00%(upstream:remoteref) refs/heads/stable refs/remotes/stable [188ms]
2026-05-08 12:12:26.291 [info] > git config --get commit.template [178ms]
2026-05-08 12:12:26.309 [warning] [Git][revParse] Unable to read file: ENOENT: no such file or directory, open '/workspaces/family-monitor/flutter/.git/refs/remotes/origin/stable'
2026-05-08 12:12:26.310 [info] > git config --get --local branch.stable.vscode-merge-base [20ms]
2026-05-08 12:12:26.311 [warning] [Git][config] git config failed: Failed to execute git
2026-05-08 12:12:26.338 [info] > git rev-parse refs/remotes/origin/stable [30ms]
2026-05-08 12:12:26.376 [info] > git reflog stable --grep-reflog=branch: Created from *. [47ms]
2026-05-08 12:12:26.440 [info] > git for-each-ref --sort -committerdate --format %(refname)%00%(objectname)%00%(*objectname) [68ms]
2026-05-08 12:12:26.502 [info] > git symbolic-ref --short refs/remotes/origin/HEAD [60ms]
2026-05-08 12:12:26.502 [info] fatal: ref refs/remotes/origin/HEAD is not a symbolic ref
2026-05-08 12:12:26.502 [warning] [Repository][getDefaultBranch] Failed to get default branch details: Failed to execute git.
2026-05-08 12:12:26.550 [info] > git merge-base refs/heads/stable refs/remotes/origin/stable [8ms]
2026-05-08 12:12:26.574 [info] > git diff --raw --numstat --diff-filter=ADMR -z --find-renames=50% 00b0c91f06209d9e4a41f71b7a512d6eb3b9c694...refs/remotes/origin/stable -- [3ms]
2026-05-08 12:12:27.518 [info] > git status -z -uall [1168ms]
2026-05-08 12:17:14.035 [info] > git config --local -l [1ms]
2026-05-08 12:17:14.056 [info] > git config --local -l [2ms]
