2026-05-08 12:12:06.072 [info] Reading sessions from keychain...
2026-05-08 12:12:06.073 [info] Getting sessions for all scopes...
2026-05-08 12:12:06.073 [info] Got stored sessions!
2026-05-08 12:12:06.073 [info] Got 6 verified sessions.
2026-05-08 12:12:06.073 [info] Got 6 sessions for ...
2026-05-08 12:12:06.073 [info] Getting sessions for all scopes...
2026-05-08 12:12:06.073 [info] Got 6 sessions for ...
2026-05-08 12:12:06.073 [info] Getting sessions for all scopes...
2026-05-08 12:12:06.073 [info] Got 6 sessions for ...
2026-05-08 12:12:06.073 [info] Getting sessions for all scopes...
2026-05-08 12:12:06.073 [info] Got 6 sessions for ...
2026-05-08 12:12:06.073 [info] Getting sessions for user:email...
2026-05-08 12:12:06.073 [info] Got 1 sessions for user:email...
2026-05-08 12:12:06.096 [info] Getting sessions for all scopes...
2026-05-08 12:12:06.096 [info] Got 6 sessions for ...
2026-05-08 12:12:06.102 [info] Getting sessions for all scopes...
2026-05-08 12:12:06.102 [info] Got 6 sessions for ...
2026-05-08 12:12:06.104 [info] Getting sessions for codespace,read:user,repo,user:email...
2026-05-08 12:12:06.104 [info] Got 1 sessions for codespace,read:user,repo,user:email...
2026-05-08 12:12:06.624 [info] Getting sessions for all scopes...
2026-05-08 12:12:06.624 [info] Got 6 sessions for ...
2026-05-08 12:12:09.534 [info] Getting sessions for all scopes...
2026-05-08 12:12:09.535 [info] Got 6 sessions for ...
2026-05-08 12:12:10.123 [info] Getting sessions for all scopes...
2026-05-08 12:12:10.123 [info] Got 6 sessions for ...
2026-05-08 12:12:11.331 [info] Getting sessions for project,read:org,read:user,repo,user:email,workflow...
2026-05-08 12:12:11.332 [info] Got 0 sessions for project,read:org,read:user,repo,user:email,workflow...
2026-05-08 12:12:11.443 [info] Getting sessions for all scopes...
2026-05-08 12:12:11.443 [info] Got 6 sessions for ...
2026-05-08 12:12:11.561 [info] Getting sessions for all scopes...
2026-05-08 12:12:11.561 [info] Got 6 sessions for ...
2026-05-08 12:12:11.779 [info] Getting sessions for read:user,repo,user:email,workflow...
2026-05-08 12:12:11.779 [info] Got 1 sessions for read:user,repo,user:email,workflow...
2026-05-08 12:12:12.254 [info] FetcherService: Node fetch failed with status: 429 Too Many Requests
2026-05-08 12:12:12.262 [info] Unable to resolve optional EDU details. Status: 429 Too Many Requests
2026-05-08 12:12:13.962 [info] Getting sessions for read:user,repo,user:email,workflow...
2026-05-08 12:12:13.962 [info] Got 1 sessions for read:user,repo,user:email,workflow...
2026-05-08 12:12:32.737 [info] Getting sessions for all scopes...
2026-05-08 12:12:32.741 [info] Got 6 sessions for ...
2026-05-08 12:12:32.831 [info] Getting sessions for all scopes...
2026-05-08 12:12:32.831 [info] Got 6 sessions for ...
2026-05-08 12:13:17.876 [info] Getting sessions for all scopes...
2026-05-08 12:13:17.876 [info] Got 6 sessions for ...
2026-05-08 12:13:17.951 [info] Getting sessions for all scopes...
2026-05-08 12:13:17.951 [info] Got 6 sessions for ...
2026-05-08 12:13:48.514 [info] Getting sessions for all scopes...
2026-05-08 12:13:48.514 [info] Got 6 sessions for ...
2026-05-08 12:13:48.571 [info] Getting sessions for all scopes...
2026-05-08 12:13:48.571 [info] Got 6 sessions for ...
2026-05-08 12:14:42.324 [info] Getting sessions for all scopes...
2026-05-08 12:14:42.324 [info] Got 6 sessions for ...
2026-05-08 12:14:42.402 [info] Getting sessions for all scopes...
2026-05-08 12:14:42.402 [info] Got 6 sessions for ...
