2026-05-08 12:15:19.244 [info] Reading sessions from keychain...
2026-05-08 12:15:19.244 [info] Getting sessions for all scopes...
2026-05-08 12:15:19.244 [info] Got stored sessions!
2026-05-08 12:15:19.244 [info] Got 6 verified sessions.
2026-05-08 12:15:19.244 [info] Got 6 sessions for ...
2026-05-08 12:15:19.244 [info] Getting sessions for all scopes...
2026-05-08 12:15:19.244 [info] Got 6 sessions for ...
2026-05-08 12:15:19.244 [info] Getting sessions for all scopes...
2026-05-08 12:15:19.244 [info] Got 6 sessions for ...
2026-05-08 12:15:19.244 [info] Getting sessions for all scopes...
2026-05-08 12:15:19.244 [info] Got 6 sessions for ...
2026-05-08 12:15:19.244 [info] Getting sessions for user:email...
2026-05-08 12:15:19.244 [info] Got 1 sessions for user:email...
2026-05-08 12:15:19.244 [info] Getting sessions for all scopes...
2026-05-08 12:15:19.244 [info] Got 6 sessions for ...
2026-05-08 12:15:19.244 [info] Getting sessions for all scopes...
2026-05-08 12:15:19.244 [info] Got 6 sessions for ...
2026-05-08 12:15:19.244 [info] Getting sessions for codespace,read:user,repo,user:email...
2026-05-08 12:15:19.244 [info] Got 1 sessions for codespace,read:user,repo,user:email...
2026-05-08 12:15:19.539 [info] Getting sessions for all scopes...
2026-05-08 12:15:19.540 [info] Got 6 sessions for ...
2026-05-08 12:15:20.239 [info] Getting sessions for all scopes...
2026-05-08 12:15:20.239 [info] Got 6 sessions for ...
2026-05-08 12:15:20.578 [info] Getting sessions for project,read:org,read:user,repo,user:email,workflow...
2026-05-08 12:15:20.578 [info] Got 0 sessions for project,read:org,read:user,repo,user:email,workflow...
2026-05-08 12:15:20.583 [info] Getting sessions for all scopes...
2026-05-08 12:15:20.583 [info] Got 6 sessions for ...
2026-05-08 12:15:20.895 [info] Getting sessions for all scopes...
2026-05-08 12:15:20.895 [info] Got 6 sessions for ...
2026-05-08 12:15:21.319 [info] Getting sessions for all scopes...
2026-05-08 12:15:21.319 [info] Got 6 sessions for ...
2026-05-08 12:15:21.580 [info] Getting sessions for read:user,repo,user:email,workflow...
2026-05-08 12:15:21.580 [info] Got 1 sessions for read:user,repo,user:email,workflow...
2026-05-08 12:15:22.230 [info] FetcherService: Node fetch failed with status: 429 Too Many Requests
2026-05-08 12:15:22.235 [info] Unable to resolve optional EDU details. Status: 429 Too Many Requests
2026-05-08 12:15:22.965 [info] Getting sessions for read:user,repo,user:email,workflow...
2026-05-08 12:15:22.965 [info] Got 1 sessions for read:user,repo,user:email,workflow...
2026-05-08 12:16:01.223 [info] Getting sessions for all scopes...
2026-05-08 12:16:01.223 [info] Got 6 sessions for ...
2026-05-08 12:16:01.297 [info] Getting sessions for all scopes...
2026-05-08 12:16:01.297 [info] Got 6 sessions for ...
2026-05-08 12:16:24.482 [info] Getting sessions for all scopes...
2026-05-08 12:16:24.482 [info] Got 6 sessions for ...
2026-05-08 12:16:25.147 [info] Getting sessions for all scopes...
2026-05-08 12:16:25.147 [info] Got 6 sessions for ...
2026-05-08 12:16:57.644 [info] Getting sessions for all scopes...
2026-05-08 12:16:57.644 [info] Got 6 sessions for ...
2026-05-08 12:16:58.374 [info] Getting sessions for all scopes...
2026-05-08 12:16:58.374 [info] Got 6 sessions for ...
2026-05-08 12:17:40.208 [info] Getting sessions for all scopes...
2026-05-08 12:17:40.208 [info] Got 6 sessions for ...
2026-05-08 12:17:40.278 [info] Getting sessions for all scopes...
2026-05-08 12:17:40.278 [info] Got 6 sessions for ...
2026-05-08 12:17:52.661 [info] Getting sessions for all scopes...
2026-05-08 12:17:52.661 [info] Got 6 sessions for ...
2026-05-08 12:17:52.729 [info] Getting sessions for all scopes...
2026-05-08 12:17:52.746 [info] Got 6 sessions for ...
2026-05-08 12:17:53.015 [info] Getting sessions for read:user,repo,user:email,workflow...
2026-05-08 12:17:53.015 [info] Got 1 sessions for read:user,repo,user:email,workflow...
2026-05-08 12:17:54.131 [info] Getting sessions for all scopes...
2026-05-08 12:17:54.131 [info] Got 6 sessions for ...
2026-05-08 12:17:54.132 [info] Getting sessions for user:email...
2026-05-08 12:17:54.132 [info] Got 1 sessions for user:email...
2026-05-08 12:17:54.322 [info] Getting sessions for all scopes...
2026-05-08 12:17:54.326 [info] Got 6 sessions for ...
2026-05-08 12:17:54.498 [info] Getting sessions for all scopes...
2026-05-08 12:17:54.498 [info] Got 6 sessions for ...
2026-05-08 12:17:54.573 [info] Getting sessions for read:user,repo,user:email,workflow...
2026-05-08 12:17:54.574 [info] Got 1 sessions for read:user,repo,user:email,workflow...
2026-05-08 12:17:55.847 [info] Getting sessions for all scopes...
2026-05-08 12:17:55.848 [info] Got 6 sessions for ...
2026-05-08 12:17:55.848 [info] Getting sessions for all scopes...
2026-05-08 12:17:55.848 [info] Got 6 sessions for ...
2026-05-08 12:17:56.113 [info] Getting sessions for read:user,repo,user:email,workflow...
2026-05-08 12:17:56.113 [info] Got 1 sessions for read:user,repo,user:email,workflow...
2026-05-08 12:17:56.879 [info] Getting sessions for all scopes...
2026-05-08 12:17:56.885 [info] Got 6 sessions for ...
2026-05-08 12:17:57.430 [info] Getting sessions for all scopes...
2026-05-08 12:17:57.431 [info] Got 6 sessions for ...
2026-05-08 12:17:57.433 [info] Getting sessions for all scopes...
2026-05-08 12:17:57.434 [info] Got 6 sessions for ...
2026-05-08 12:17:57.435 [info] Getting sessions for all scopes...
2026-05-08 12:17:57.435 [info] Got 6 sessions for ...
2026-05-08 12:17:57.753 [info] Getting sessions for read:user,repo,user:email,workflow...
2026-05-08 12:17:57.753 [info] Got 1 sessions for read:user,repo,user:email,workflow...
2026-05-08 12:17:58.664 [info] Getting sessions for all scopes...
2026-05-08 12:17:58.664 [info] Got 6 sessions for ...
2026-05-08 12:17:58.898 [info] Getting sessions for read:user,repo,user:email,workflow...
2026-05-08 12:17:58.898 [info] Got 1 sessions for read:user,repo,user:email,workflow...
2026-05-08 12:18:00.927 [info] Getting sessions for all scopes...
2026-05-08 12:18:00.928 [info] Got 6 sessions for ...
2026-05-08 12:18:01.172 [info] Getting sessions for read:user,repo,user:email,workflow...
2026-05-08 12:18:01.172 [info] Got 1 sessions for read:user,repo,user:email,workflow...
2026-05-08 12:19:42.068 [info] Getting sessions for all scopes...
2026-05-08 12:19:42.068 [info] Got 6 sessions for ...
2026-05-08 12:19:42.761 [info] Getting sessions for all scopes...
2026-05-08 12:19:42.761 [info] Got 6 sessions for ...
2026-05-08 12:19:45.197 [info] Getting sessions for all scopes...
2026-05-08 12:19:45.197 [info] Got 6 sessions for ...
2026-05-08 12:19:45.732 [info] Getting sessions for read:user,repo,user:email,workflow...
2026-05-08 12:19:45.732 [info] Got 1 sessions for read:user,repo,user:email,workflow...
2026-05-08 12:20:05.792 [info] Getting sessions for all scopes...
2026-05-08 12:20:05.792 [info] Got 6 sessions for ...
2026-05-08 12:20:06.257 [info] Getting sessions for read:user,repo,user:email,workflow...
2026-05-08 12:20:06.257 [info] Got 1 sessions for read:user,repo,user:email,workflow...
2026-05-08 12:28:02.116 [info] Getting sessions for all scopes...
2026-05-08 12:28:02.116 [info] Got 6 sessions for ...
2026-05-08 12:28:02.232 [info] Getting sessions for all scopes...
2026-05-08 12:28:02.232 [info] Got 6 sessions for ...
2026-05-08 12:29:05.009 [info] Getting sessions for all scopes...
2026-05-08 12:29:05.017 [info] Got 6 sessions for ...
2026-05-08 12:29:05.586 [info] Getting sessions for all scopes...
2026-05-08 12:29:05.586 [info] Got 6 sessions for ...
2026-05-08 12:29:25.444 [info] Getting sessions for all scopes...
2026-05-08 12:29:25.447 [info] Got 6 sessions for ...
2026-05-08 12:29:25.547 [info] Getting sessions for all scopes...
2026-05-08 12:29:25.547 [info] Got 6 sessions for ...
2026-05-08 12:29:44.075 [info] Getting sessions for all scopes...
2026-05-08 12:29:44.085 [info] Got 6 sessions for ...
2026-05-08 12:29:44.398 [info] Getting sessions for read:user,repo,user:email,workflow...
2026-05-08 12:29:44.398 [info] Got 1 sessions for read:user,repo,user:email,workflow...
2026-05-08 12:30:02.793 [info] Getting sessions for all scopes...
2026-05-08 12:30:02.793 [info] Got 6 sessions for ...
2026-05-08 12:30:03.019 [info] Getting sessions for all scopes...
2026-05-08 12:30:03.019 [info] Got 6 sessions for ...
2026-05-08 12:30:19.971 [info] Getting sessions for all scopes...
2026-05-08 12:30:19.972 [info] Got 6 sessions for ...
2026-05-08 12:30:20.049 [info] Getting sessions for all scopes...
2026-05-08 12:30:20.049 [info] Got 6 sessions for ...
2026-05-08 12:33:00.560 [info] Getting sessions for all scopes...
2026-05-08 12:33:00.592 [info] Got 6 sessions for ...
2026-05-08 12:33:01.582 [info] Getting sessions for all scopes...
2026-05-08 12:33:01.582 [info] Got 6 sessions for ...
2026-05-08 12:33:47.144 [info] Getting sessions for all scopes...
2026-05-08 12:33:47.146 [info] Got 6 sessions for ...
2026-05-08 12:33:56.380 [info] Getting sessions for all scopes...
2026-05-08 12:33:56.389 [info] Got 6 sessions for ...
2026-05-08 12:34:58.302 [info] Getting sessions for all scopes...
2026-05-08 12:34:58.303 [info] Got 6 sessions for ...
2026-05-08 12:34:58.366 [info] Getting sessions for all scopes...
2026-05-08 12:34:58.366 [info] Got 6 sessions for ...
2026-05-08 12:35:30.553 [info] Getting sessions for all scopes...
2026-05-08 12:35:30.724 [info] Got 6 sessions for ...
2026-05-08 12:35:31.123 [info] Getting sessions for all scopes...
2026-05-08 12:35:31.123 [info] Got 6 sessions for ...
2026-05-08 12:35:57.849 [info] Getting sessions for all scopes...
2026-05-08 12:35:57.852 [info] Got 6 sessions for ...
2026-05-08 12:35:58.277 [info] Getting sessions for all scopes...
2026-05-08 12:35:58.277 [info] Got 6 sessions for ...
2026-05-08 12:36:46.779 [info] Getting sessions for all scopes...
2026-05-08 12:36:46.781 [info] Got 6 sessions for ...
2026-05-08 12:36:46.901 [info] Getting sessions for all scopes...
2026-05-08 12:36:46.901 [info] Got 6 sessions for ...
2026-05-08 12:39:14.143 [info] Getting sessions for all scopes...
2026-05-08 12:39:14.144 [info] Got 6 sessions for ...
2026-05-08 12:39:14.818 [info] Getting sessions for all scopes...
2026-05-08 12:39:14.818 [info] Got 6 sessions for ...
2026-05-08 12:39:44.015 [info] Getting sessions for all scopes...
2026-05-08 12:39:44.112 [info] Got 6 sessions for ...
2026-05-08 12:39:44.349 [info] Getting sessions for read:user,repo,user:email,workflow...
2026-05-08 12:39:44.349 [info] Got 1 sessions for read:user,repo,user:email,workflow...
2026-05-08 12:41:02.904 [info] Getting sessions for all scopes...
2026-05-08 12:41:02.906 [info] Got 6 sessions for ...
2026-05-08 12:41:04.372 [info] Getting sessions for all scopes...
2026-05-08 12:41:04.372 [info] Got 6 sessions for ...
2026-05-08 12:41:24.816 [info] Getting sessions for all scopes...
2026-05-08 12:41:24.819 [info] Got 6 sessions for ...
2026-05-08 12:41:25.753 [info] Getting sessions for all scopes...
2026-05-08 12:41:25.753 [info] Got 6 sessions for ...
2026-05-08 12:42:32.831 [info] Getting sessions for all scopes...
2026-05-08 12:42:32.837 [info] Got 6 sessions for ...
2026-05-08 12:42:33.634 [info] Getting sessions for all scopes...
2026-05-08 12:42:33.635 [info] Got 6 sessions for ...
2026-05-08 12:43:33.551 [info] Getting sessions for all scopes...
2026-05-08 12:43:33.567 [info] Got 6 sessions for ...
2026-05-08 12:43:33.647 [info] Getting sessions for all scopes...
2026-05-08 12:43:33.647 [info] Got 6 sessions for ...
2026-05-08 12:44:33.660 [info] Getting sessions for all scopes...
2026-05-08 12:44:33.662 [info] Got 6 sessions for ...
2026-05-08 12:44:33.745 [info] Getting sessions for all scopes...
2026-05-08 12:44:33.745 [info] Got 6 sessions for ...
2026-05-08 12:46:23.027 [info] Getting sessions for all scopes...
2026-05-08 12:46:23.517 [info] Got 6 sessions for ...
2026-05-08 12:46:23.645 [info] Getting sessions for all scopes...
2026-05-08 12:46:23.645 [info] Got 6 sessions for ...
2026-05-08 12:46:37.892 [info] Getting sessions for all scopes...
2026-05-08 12:46:37.892 [info] Got 6 sessions for ...
2026-05-08 12:46:37.971 [info] Getting sessions for all scopes...
2026-05-08 12:46:37.971 [info] Got 6 sessions for ...
2026-05-08 12:49:44.107 [info] Getting sessions for all scopes...
2026-05-08 12:49:44.107 [info] Got 6 sessions for ...
2026-05-08 12:49:45.116 [info] Getting sessions for read:user,repo,user:email,workflow...
2026-05-08 12:49:45.116 [info] Got 1 sessions for read:user,repo,user:email,workflow...
2026-05-08 12:50:29.767 [info] Getting sessions for all scopes...
2026-05-08 12:50:29.767 [info] Got 6 sessions for ...
2026-05-08 12:50:29.872 [info] Getting sessions for all scopes...
2026-05-08 12:50:29.872 [info] Got 6 sessions for ...
2026-05-08 12:51:07.118 [info] Getting sessions for all scopes...
2026-05-08 12:51:07.118 [info] Got 6 sessions for ...
2026-05-08 12:51:07.411 [info] Getting sessions for all scopes...
2026-05-08 12:51:07.411 [info] Got 6 sessions for ...
2026-05-08 12:51:51.516 [info] Getting sessions for all scopes...
2026-05-08 12:51:51.516 [info] Got 6 sessions for ...
2026-05-08 12:51:51.770 [info] Getting sessions for all scopes...
2026-05-08 12:51:51.770 [info] Got 6 sessions for ...
2026-05-08 12:52:01.409 [info] Getting sessions for all scopes...
2026-05-08 12:52:01.409 [info] Got 6 sessions for ...
2026-05-08 12:52:01.488 [info] Getting sessions for all scopes...
2026-05-08 12:52:01.488 [info] Got 6 sessions for ...
2026-05-08 12:52:16.923 [info] Getting sessions for all scopes...
2026-05-08 12:52:16.923 [info] Got 6 sessions for ...
2026-05-08 12:52:17.015 [info] Getting sessions for all scopes...
2026-05-08 12:52:17.015 [info] Got 6 sessions for ...
2026-05-08 12:54:28.549 [info] Getting sessions for all scopes...
2026-05-08 12:54:28.549 [info] Got 6 sessions for ...
2026-05-08 12:54:28.631 [info] Getting sessions for all scopes...
2026-05-08 12:54:28.631 [info] Got 6 sessions for ...
2026-05-08 12:54:46.183 [info] Getting sessions for all scopes...
2026-05-08 12:54:46.183 [info] Got 6 sessions for ...
2026-05-08 12:54:46.269 [info] Getting sessions for all scopes...
2026-05-08 12:54:46.269 [info] Got 6 sessions for ...
2026-05-08 12:55:09.157 [info] Getting sessions for all scopes...
2026-05-08 12:55:09.157 [info] Got 6 sessions for ...
2026-05-08 12:55:09.293 [info] Getting sessions for all scopes...
2026-05-08 12:55:09.293 [info] Got 6 sessions for ...
