2026-05-08 09:12:54.233 [info] Extension host with pid 29854 started
2026-05-08 09:12:54.273 [info] Lock '/home/codespace/.vscode-remote/data/User/workspaceStorage/-24600f76/vscode.lock': Lock acquired.
2026-05-08 09:12:54.811 [info] ExtensionService#_doActivateExtension vscode.github-authentication, startup: false, activationEvent: 'onAuthenticationRequest:github'
2026-05-08 09:12:54.812 [info] ExtensionService#_doActivateExtension vscode.emmet, startup: false, activationEvent: 'onLanguage'
2026-05-08 09:12:54.812 [info] ExtensionService#_doActivateExtension GitHub.codespaces, startup: false, activationEvent: 'onCommand:github.codespaces.activate'
2026-05-08 09:12:54.813 [info] ExtensionService#_doActivateExtension vscode.git-base, startup: false, activationEvent: '*', root cause: vscode.git
2026-05-08 09:12:56.521 [error] PendingMigrationError: navigator is now a global in nodejs, please see https://aka.ms/vscode-extensions/navigator for additional info on this error.
    at get (file:///vscode/bin/linux-x64/41dd792b5e652393e7787322889ed5fdc58bd75b/out/vs/workbench/api/node/extensionHostProcess.js:822:7210)
    at Object.33559 (/home/codespace/.vscode-remote/extensions/node_modules/axios/dist/node/axios.cjs:1513:21)
    at __webpack_require__ (/home/codespace/.vscode-remote/extensions/github.codespaces-1.18.13/webpack/bootstrap:19:32)
    at Object.86259 (/home/codespace/.vscode-remote/extensions/node_modules/@microsoft/dev-tunnels-management/tunnelManagementHttpClient.js:12:17)
    at __webpack_require__ (/home/codespace/.vscode-remote/extensions/github.codespaces-1.18.13/webpack/bootstrap:19:32)
    at Object.74061 (/home/codespace/.vscode-remote/extensions/node_modules/@microsoft/dev-tunnels-management/index.js:19:14)
    at __webpack_require__ (/home/codespace/.vscode-remote/extensions/github.codespaces-1.18.13/webpack/bootstrap:19:32)
    at Object.48577 (/home/codespace/.vscode-remote/extensions/node_modules/@microsoft/dev-tunnels-connections/tunnelConnectionSession.js:7:34)
    at __webpack_require__ (/home/codespace/.vscode-remote/extensions/github.codespaces-1.18.13/webpack/bootstrap:19:32)
    at Object.19773 (/home/codespace/.vscode-remote/extensions/node_modules/@microsoft/dev-tunnels-connections/tunnelRelayTunnelClient.js:14:35)
    at __webpack_require__ (/home/codespace/.vscode-remote/extensions/github.codespaces-1.18.13/webpack/bootstrap:19:32)
    at Object.73551 (/home/codespace/.vscode-remote/extensions/node_modules/@microsoft/dev-tunnels-connections/index.js:31:14)
    at __webpack_require__ (/home/codespace/.vscode-remote/extensions/github.codespaces-1.18.13/webpack/bootstrap:19:32)
    at Object.72780 (/home/codespace/.vscode-remote/extensions/codespaces-internal/dist/src/connection/tunnelProvider.js:20:35)
    at __webpack_require__ (/home/codespace/.vscode-remote/extensions/github.codespaces-1.18.13/webpack/bootstrap:19:32)
    at Object.44731 (/home/codespace/.vscode-remote/extensions/codespaces-internal/dist/src/connection/index.js:18:14)
    at __webpack_require__ (/home/codespace/.vscode-remote/extensions/github.codespaces-1.18.13/webpack/bootstrap:19:32)
    at Object.8622 (/home/codespace/.vscode-remote/extensions/codespaces-internal/dist/src/index.js:17:14)
    at __webpack_require__ (/home/codespace/.vscode-remote/extensions/github.codespaces-1.18.13/webpack/bootstrap:19:32)
    at Object.14086 (/home/codespace/.vscode-remote/extensions/vscode-command-framework/dist/src/vscodeIdleStatus/VscodeActivityProvider.js:4:31)
    at __webpack_require__ (/home/codespace/.vscode-remote/extensions/github.codespaces-1.18.13/webpack/bootstrap:19:32)
    at Object.82235 (/home/codespace/.vscode-remote/extensions/vscode-command-framework/dist/src/index.js:53:32)
    at __webpack_require__ (/home/codespace/.vscode-remote/extensions/github.codespaces-1.18.13/webpack/bootstrap:19:32)
    at /home/codespace/.vscode-remote/extensions/github.codespaces-1.18.13/out/bundle/extension-node.js:1554:244239
    at /home/codespace/.vscode-remote/extensions/github.codespaces-1.18.13/out/bundle/extension-node.js:1559:141965
    at Object.<anonymous> (/home/codespace/.vscode-remote/extensions/github.codespaces-1.18.13/out/bundle/extension-node.js:1559:142004)
    at Module._compile (node:internal/modules/cjs/loader:1705:14)
    at Object..js (node:internal/modules/cjs/loader:1838:10)
    at Module.load (node:internal/modules/cjs/loader:1441:32)
    at Function.<anonymous> (node:internal/modules/cjs/loader:1263:12)
    at Function.i._load (file:///vscode/bin/linux-x64/41dd792b5e652393e7787322889ed5fdc58bd75b/out/vs/workbench/api/node/extensionHostProcess.js:822:6589)
    at Function.e._load (file:///vscode/bin/linux-x64/41dd792b5e652393e7787322889ed5fdc58bd75b/out/vs/workbench/api/node/extensionHostProcess.js:640:28604)
    at Function.n._load (file:///vscode/bin/linux-x64/41dd792b5e652393e7787322889ed5fdc58bd75b/out/vs/workbench/api/node/extensionHostProcess.js:632:27732)
    at TracingChannel.traceSync (node:diagnostics_channel:328:14)
    at wrapModuleLoad (node:internal/modules/cjs/loader:237:24)
    at Module.require (node:internal/modules/cjs/loader:1463:12)
    at require (node:internal/modules/helpers:147:16)
    at cP._doLoadModule (file:///vscode/bin/linux-x64/41dd792b5e652393e7787322889ed5fdc58bd75b/out/vs/workbench/api/node/extensionHostProcess.js:671:1614)
    at processTicksAndRejections (node:internal/process/task_queues:103:5)
2026-05-08 09:12:56.587 [error] PendingMigrationError: navigator is now a global in nodejs, please see https://aka.ms/vscode-extensions/navigator for additional info on this error.
    at get (file:///vscode/bin/linux-x64/41dd792b5e652393e7787322889ed5fdc58bd75b/out/vs/workbench/api/node/extensionHostProcess.js:822:7210)
    at Object.5886 (/home/codespace/.vscode-remote/extensions/node_modules/axios/lib/platform/common/utils.js:3:21)
    at __webpack_require__ (/home/codespace/.vscode-remote/extensions/github.codespaces-1.18.13/webpack/bootstrap:19:32)
    at /home/codespace/.vscode-remote/extensions/github.codespaces-1.18.13/out/bundle/extension-node.js:1554:263837
    at /home/codespace/.vscode-remote/extensions/github.codespaces-1.18.13/out/bundle/extension-node.js:1559:141965
    at Object.<anonymous> (/home/codespace/.vscode-remote/extensions/github.codespaces-1.18.13/out/bundle/extension-node.js:1559:142004)
    at Module._compile (node:internal/modules/cjs/loader:1705:14)
    at Object..js (node:internal/modules/cjs/loader:1838:10)
    at Module.load (node:internal/modules/cjs/loader:1441:32)
    at Function.<anonymous> (node:internal/modules/cjs/loader:1263:12)
    at Function.i._load (file:///vscode/bin/linux-x64/41dd792b5e652393e7787322889ed5fdc58bd75b/out/vs/workbench/api/node/extensionHostProcess.js:822:6589)
    at Function.e._load (file:///vscode/bin/linux-x64/41dd792b5e652393e7787322889ed5fdc58bd75b/out/vs/workbench/api/node/extensionHostProcess.js:640:28604)
    at Function.n._load (file:///vscode/bin/linux-x64/41dd792b5e652393e7787322889ed5fdc58bd75b/out/vs/workbench/api/node/extensionHostProcess.js:632:27732)
    at TracingChannel.traceSync (node:diagnostics_channel:328:14)
    at wrapModuleLoad (node:internal/modules/cjs/loader:237:24)
    at Module.require (node:internal/modules/cjs/loader:1463:12)
    at require (node:internal/modules/helpers:147:16)
    at cP._doLoadModule (file:///vscode/bin/linux-x64/41dd792b5e652393e7787322889ed5fdc58bd75b/out/vs/workbench/api/node/extensionHostProcess.js:671:1614)
    at processTicksAndRejections (node:internal/process/task_queues:103:5)
2026-05-08 09:12:56.590 [error] PendingMigrationError: navigator is now a global in nodejs, please see https://aka.ms/vscode-extensions/navigator for additional info on this error.
    at get (file:///vscode/bin/linux-x64/41dd792b5e652393e7787322889ed5fdc58bd75b/out/vs/workbench/api/node/extensionHostProcess.js:822:7210)
    at getUserAgent (/home/codespace/.vscode-remote/extensions/node_modules/universal-user-agent/dist-web/index.js:2:5)
    at Object.5886 (/home/codespace/.vscode-remote/extensions/node_modules/@octokit/endpoint/dist-src/defaults.js:3:53)
    at __webpack_require__ (/home/codespace/.vscode-remote/extensions/github.codespaces-1.18.13/webpack/bootstrap:19:32)
    at /home/codespace/.vscode-remote/extensions/github.codespaces-1.18.13/out/bundle/extension-node.js:1554:263837
    at /home/codespace/.vscode-remote/extensions/github.codespaces-1.18.13/out/bundle/extension-node.js:1559:141965
    at Object.<anonymous> (/home/codespace/.vscode-remote/extensions/github.codespaces-1.18.13/out/bundle/extension-node.js:1559:142004)
    at Module._compile (node:internal/modules/cjs/loader:1705:14)
    at Object..js (node:internal/modules/cjs/loader:1838:10)
    at Module.load (node:internal/modules/cjs/loader:1441:32)
    at Function.<anonymous> (node:internal/modules/cjs/loader:1263:12)
    at Function.i._load (file:///vscode/bin/linux-x64/41dd792b5e652393e7787322889ed5fdc58bd75b/out/vs/workbench/api/node/extensionHostProcess.js:822:6589)
    at Function.e._load (file:///vscode/bin/linux-x64/41dd792b5e652393e7787322889ed5fdc58bd75b/out/vs/workbench/api/node/extensionHostProcess.js:640:28604)
    at Function.n._load (file:///vscode/bin/linux-x64/41dd792b5e652393e7787322889ed5fdc58bd75b/out/vs/workbench/api/node/extensionHostProcess.js:632:27732)
    at TracingChannel.traceSync (node:diagnostics_channel:328:14)
    at wrapModuleLoad (node:internal/modules/cjs/loader:237:24)
    at Module.require (node:internal/modules/cjs/loader:1463:12)
    at require (node:internal/modules/helpers:147:16)
    at cP._doLoadModule (file:///vscode/bin/linux-x64/41dd792b5e652393e7787322889ed5fdc58bd75b/out/vs/workbench/api/node/extensionHostProcess.js:671:1614)
    at processTicksAndRejections (node:internal/process/task_queues:103:5)
2026-05-08 09:12:56.591 [error] PendingMigrationError: navigator is now a global in nodejs, please see https://aka.ms/vscode-extensions/navigator for additional info on this error.
    at get (file:///vscode/bin/linux-x64/41dd792b5e652393e7787322889ed5fdc58bd75b/out/vs/workbench/api/node/extensionHostProcess.js:822:7210)
    at getUserAgent (/home/codespace/.vscode-remote/extensions/node_modules/universal-user-agent/dist-web/index.js:2:5)
    at Object.5886 (/home/codespace/.vscode-remote/extensions/node_modules/@octokit/request/dist-src/index.js:7:52)
    at __webpack_require__ (/home/codespace/.vscode-remote/extensions/github.codespaces-1.18.13/webpack/bootstrap:19:32)
    at /home/codespace/.vscode-remote/extensions/github.codespaces-1.18.13/out/bundle/extension-node.js:1554:263837
    at /home/codespace/.vscode-remote/extensions/github.codespaces-1.18.13/out/bundle/extension-node.js:1559:141965
    at Object.<anonymous> (/home/codespace/.vscode-remote/extensions/github.codespaces-1.18.13/out/bundle/extension-node.js:1559:142004)
    at Module._compile (node:internal/modules/cjs/loader:1705:14)
    at Object..js (node:internal/modules/cjs/loader:1838:10)
    at Module.load (node:internal/modules/cjs/loader:1441:32)
    at Function.<anonymous> (node:internal/modules/cjs/loader:1263:12)
    at Function.i._load (file:///vscode/bin/linux-x64/41dd792b5e652393e7787322889ed5fdc58bd75b/out/vs/workbench/api/node/extensionHostProcess.js:822:6589)
    at Function.e._load (file:///vscode/bin/linux-x64/41dd792b5e652393e7787322889ed5fdc58bd75b/out/vs/workbench/api/node/extensionHostProcess.js:640:28604)
    at Function.n._load (file:///vscode/bin/linux-x64/41dd792b5e652393e7787322889ed5fdc58bd75b/out/vs/workbench/api/node/extensionHostProcess.js:632:27732)
    at TracingChannel.traceSync (node:diagnostics_channel:328:14)
    at wrapModuleLoad (node:internal/modules/cjs/loader:237:24)
    at Module.require (node:internal/modules/cjs/loader:1463:12)
    at require (node:internal/modules/helpers:147:16)
    at cP._doLoadModule (file:///vscode/bin/linux-x64/41dd792b5e652393e7787322889ed5fdc58bd75b/out/vs/workbench/api/node/extensionHostProcess.js:671:1614)
    at processTicksAndRejections (node:internal/process/task_queues:103:5)
2026-05-08 09:12:56.591 [error] PendingMigrationError: navigator is now a global in nodejs, please see https://aka.ms/vscode-extensions/navigator for additional info on this error.
    at get (file:///vscode/bin/linux-x64/41dd792b5e652393e7787322889ed5fdc58bd75b/out/vs/workbench/api/node/extensionHostProcess.js:822:7210)
    at getUserAgent (/home/codespace/.vscode-remote/extensions/node_modules/universal-user-agent/dist-web/index.js:2:5)
    at Object.5886 (/home/codespace/.vscode-remote/extensions/node_modules/@octokit/graphql/dist-web/index.js:112:52)
    at __webpack_require__ (/home/codespace/.vscode-remote/extensions/github.codespaces-1.18.13/webpack/bootstrap:19:32)
    at /home/codespace/.vscode-remote/extensions/github.codespaces-1.18.13/out/bundle/extension-node.js:1554:263837
    at /home/codespace/.vscode-remote/extensions/github.codespaces-1.18.13/out/bundle/extension-node.js:1559:141965
    at Object.<anonymous> (/home/codespace/.vscode-remote/extensions/github.codespaces-1.18.13/out/bundle/extension-node.js:1559:142004)
    at Module._compile (node:internal/modules/cjs/loader:1705:14)
    at Object..js (node:internal/modules/cjs/loader:1838:10)
    at Module.load (node:internal/modules/cjs/loader:1441:32)
    at Function.<anonymous> (node:internal/modules/cjs/loader:1263:12)
    at Function.i._load (file:///vscode/bin/linux-x64/41dd792b5e652393e7787322889ed5fdc58bd75b/out/vs/workbench/api/node/extensionHostProcess.js:822:6589)
    at Function.e._load (file:///vscode/bin/linux-x64/41dd792b5e652393e7787322889ed5fdc58bd75b/out/vs/workbench/api/node/extensionHostProcess.js:640:28604)
    at Function.n._load (file:///vscode/bin/linux-x64/41dd792b5e652393e7787322889ed5fdc58bd75b/out/vs/workbench/api/node/extensionHostProcess.js:632:27732)
    at TracingChannel.traceSync (node:diagnostics_channel:328:14)
    at wrapModuleLoad (node:internal/modules/cjs/loader:237:24)
    at Module.require (node:internal/modules/cjs/loader:1463:12)
    at require (node:internal/modules/helpers:147:16)
    at cP._doLoadModule (file:///vscode/bin/linux-x64/41dd792b5e652393e7787322889ed5fdc58bd75b/out/vs/workbench/api/node/extensionHostProcess.js:671:1614)
    at processTicksAndRejections (node:internal/process/task_queues:103:5)
2026-05-08 09:12:56.592 [error] PendingMigrationError: navigator is now a global in nodejs, please see https://aka.ms/vscode-extensions/navigator for additional info on this error.
    at get (file:///vscode/bin/linux-x64/41dd792b5e652393e7787322889ed5fdc58bd75b/out/vs/workbench/api/node/extensionHostProcess.js:822:7210)
    at getUserAgent (/home/codespace/.vscode-remote/extensions/node_modules/universal-user-agent/dist-web/index.js:2:5)
    at Object.5886 (/home/codespace/.vscode-remote/extensions/node_modules/@octokit/core/dist-web/index.js:16:52)
    at __webpack_require__ (/home/codespace/.vscode-remote/extensions/github.codespaces-1.18.13/webpack/bootstrap:19:32)
    at /home/codespace/.vscode-remote/extensions/github.codespaces-1.18.13/out/bundle/extension-node.js:1554:263837
    at /home/codespace/.vscode-remote/extensions/github.codespaces-1.18.13/out/bundle/extension-node.js:1559:141965
    at Object.<anonymous> (/home/codespace/.vscode-remote/extensions/github.codespaces-1.18.13/out/bundle/extension-node.js:1559:142004)
    at Module._compile (node:internal/modules/cjs/loader:1705:14)
    at Object..js (node:internal/modules/cjs/loader:1838:10)
    at Module.load (node:internal/modules/cjs/loader:1441:32)
    at Function.<anonymous> (node:internal/modules/cjs/loader:1263:12)
    at Function.i._load (file:///vscode/bin/linux-x64/41dd792b5e652393e7787322889ed5fdc58bd75b/out/vs/workbench/api/node/extensionHostProcess.js:822:6589)
    at Function.e._load (file:///vscode/bin/linux-x64/41dd792b5e652393e7787322889ed5fdc58bd75b/out/vs/workbench/api/node/extensionHostProcess.js:640:28604)
    at Function.n._load (file:///vscode/bin/linux-x64/41dd792b5e652393e7787322889ed5fdc58bd75b/out/vs/workbench/api/node/extensionHostProcess.js:632:27732)
    at TracingChannel.traceSync (node:diagnostics_channel:328:14)
    at wrapModuleLoad (node:internal/modules/cjs/loader:237:24)
    at Module.require (node:internal/modules/cjs/loader:1463:12)
    at require (node:internal/modules/helpers:147:16)
    at cP._doLoadModule (file:///vscode/bin/linux-x64/41dd792b5e652393e7787322889ed5fdc58bd75b/out/vs/workbench/api/node/extensionHostProcess.js:671:1614)
    at processTicksAndRejections (node:internal/process/task_queues:103:5)
2026-05-08 09:13:06.646 [info] ExtensionService#_doActivateExtension vscode.debug-auto-launch, startup: false, activationEvent: 'onStartupFinished'
2026-05-08 09:13:06.649 [info] ExtensionService#_doActivateExtension vscode.merge-conflict, startup: false, activationEvent: 'onStartupFinished'
2026-05-08 09:18:06.130 [info] Extension host terminating: renderer disconnected for too long (2)
2026-05-08 09:18:06.133 [info] Lock '/home/codespace/.vscode-remote/data/User/workspaceStorage/-24600f76/vscode.lock': Marking the lockfile as scheduled to be released in 6000 ms.
2026-05-08 09:18:06.134 [info] Extension host with pid 29854 exiting with code 0
