2026-05-08 09:13:13.906 [info] Reading sessions from keychain...
2026-05-08 09:13:13.906 [info] Getting sessions for all scopes...
2026-05-08 09:13:13.936 [info] Got stored sessions!
2026-05-08 09:13:13.936 [info] Got 6 verified sessions.
2026-05-08 09:13:13.936 [info] Got 6 sessions for ...
2026-05-08 09:13:13.936 [info] Getting sessions for all scopes...
2026-05-08 09:13:13.936 [info] Got 6 sessions for ...
2026-05-08 09:13:13.936 [info] Getting sessions for all scopes...
2026-05-08 09:13:13.936 [info] Got 6 sessions for ...
2026-05-08 09:13:13.938 [info] Getting sessions for all scopes...
2026-05-08 09:13:13.938 [info] Got 6 sessions for ...
2026-05-08 09:13:14.030 [info] Getting sessions for user:email...
2026-05-08 09:13:14.031 [info] Got 1 sessions for user:email...
2026-05-08 09:13:15.836 [info] Getting sessions for all scopes...
2026-05-08 09:13:15.836 [info] Got 6 sessions for ...
2026-05-08 09:13:15.836 [info] Getting sessions for codespace,read:user,repo,user:email...
2026-05-08 09:13:15.836 [info] Got 1 sessions for codespace,read:user,repo,user:email...
2026-05-08 09:13:15.836 [info] Getting sessions for all scopes...
2026-05-08 09:13:15.836 [info] Got 6 sessions for ...
2026-05-08 09:13:16.053 [info] Getting sessions for all scopes...
2026-05-08 09:13:16.053 [info] Got 6 sessions for ...
2026-05-08 09:13:16.862 [info] Getting sessions for all scopes...
2026-05-08 09:13:16.862 [info] Got 6 sessions for ...
2026-05-08 09:13:17.422 [info] Getting sessions for project,read:org,read:user,repo,user:email,workflow...
2026-05-08 09:13:17.422 [info] Got 0 sessions for project,read:org,read:user,repo,user:email,workflow...
2026-05-08 09:13:17.660 [info] Getting sessions for read:user,repo,user:email,workflow...
2026-05-08 09:13:17.660 [info] Got 1 sessions for read:user,repo,user:email,workflow...
2026-05-08 09:13:17.660 [info] Getting sessions for all scopes...
2026-05-08 09:13:17.660 [info] Got 6 sessions for ...
2026-05-08 09:13:17.747 [info] Getting sessions for all scopes...
2026-05-08 09:13:17.747 [info] Got 6 sessions for ...
2026-05-08 09:13:17.938 [info] Getting sessions for all scopes...
2026-05-08 09:13:17.939 [info] Got 6 sessions for ...
2026-05-08 09:13:18.065 [info] Getting sessions for read:user,repo,user:email,workflow...
2026-05-08 09:13:18.065 [info] Got 1 sessions for read:user,repo,user:email,workflow...
2026-05-08 09:13:18.163 [info] FetcherService: Node fetch failed with status: 429 Too Many Requests
2026-05-08 09:13:18.168 [info] Unable to resolve optional EDU details. Status: 429 Too Many Requests
2026-05-08 09:13:30.306 [info] Getting sessions for all scopes...
2026-05-08 09:13:30.306 [info] Got 6 sessions for ...
2026-05-08 09:13:30.404 [info] Getting sessions for all scopes...
2026-05-08 09:13:30.404 [info] Got 6 sessions for ...
2026-05-08 09:13:48.905 [info] Getting sessions for all scopes...
2026-05-08 09:13:48.905 [info] Got 6 sessions for ...
2026-05-08 09:13:49.376 [info] Getting sessions for all scopes...
2026-05-08 09:13:49.376 [info] Got 6 sessions for ...
2026-05-08 09:14:20.359 [info] Getting sessions for all scopes...
2026-05-08 09:14:20.359 [info] Got 6 sessions for ...
2026-05-08 09:14:20.599 [info] Getting sessions for all scopes...
2026-05-08 09:14:20.599 [info] Got 6 sessions for ...
2026-05-08 09:14:45.338 [info] Getting sessions for all scopes...
2026-05-08 09:14:45.566 [info] Got 6 sessions for ...
2026-05-08 09:14:45.665 [info] Getting sessions for all scopes...
2026-05-08 09:14:45.665 [info] Got 6 sessions for ...
2026-05-08 09:20:00.789 [info] Getting sessions for all scopes...
2026-05-08 09:20:00.794 [info] Got 6 sessions for ...
2026-05-08 09:20:00.975 [info] Getting sessions for all scopes...
2026-05-08 09:20:00.976 [info] Got 6 sessions for ...
2026-05-08 09:20:26.866 [info] Getting sessions for all scopes...
2026-05-08 09:20:26.867 [info] Got 6 sessions for ...
2026-05-08 09:20:27.041 [info] Getting sessions for all scopes...
2026-05-08 09:20:27.041 [info] Got 6 sessions for ...
2026-05-08 09:20:53.506 [info] Getting sessions for all scopes...
2026-05-08 09:20:53.506 [info] Got 6 sessions for ...
2026-05-08 09:20:53.751 [info] Getting sessions for all scopes...
2026-05-08 09:20:53.751 [info] Got 6 sessions for ...
2026-05-08 09:21:10.127 [info] Getting sessions for all scopes...
2026-05-08 09:21:10.127 [info] Got 6 sessions for ...
2026-05-08 09:21:10.223 [info] Getting sessions for all scopes...
2026-05-08 09:21:10.223 [info] Got 6 sessions for ...
2026-05-08 09:21:41.282 [info] Getting sessions for all scopes...
2026-05-08 09:21:41.282 [info] Got 6 sessions for ...
2026-05-08 09:21:41.363 [info] Getting sessions for all scopes...
2026-05-08 09:21:41.363 [info] Got 6 sessions for ...
2026-05-08 09:21:53.452 [info] Getting sessions for all scopes...
2026-05-08 09:21:53.452 [info] Got 6 sessions for ...
2026-05-08 09:21:53.851 [info] Getting sessions for all scopes...
2026-05-08 09:21:53.851 [info] Got 6 sessions for ...
2026-05-08 09:23:05.407 [info] Getting sessions for all scopes...
2026-05-08 09:23:05.407 [info] Got 6 sessions for ...
2026-05-08 09:23:05.487 [info] Getting sessions for all scopes...
2026-05-08 09:23:05.487 [info] Got 6 sessions for ...
2026-05-08 09:23:34.040 [info] Getting sessions for all scopes...
2026-05-08 09:23:34.040 [info] Got 6 sessions for ...
2026-05-08 09:23:34.120 [info] Getting sessions for all scopes...
2026-05-08 09:23:34.120 [info] Got 6 sessions for ...
2026-05-08 09:24:12.925 [info] Getting sessions for all scopes...
2026-05-08 09:24:12.926 [info] Got 6 sessions for ...
2026-05-08 09:24:13.015 [info] Getting sessions for all scopes...
2026-05-08 09:24:13.015 [info] Got 6 sessions for ...
2026-05-08 09:24:33.517 [info] Getting sessions for all scopes...
2026-05-08 09:24:33.517 [info] Got 6 sessions for ...
2026-05-08 09:24:33.625 [info] Getting sessions for all scopes...
2026-05-08 09:24:33.625 [info] Got 6 sessions for ...
2026-05-08 09:25:01.378 [info] Getting sessions for all scopes...
2026-05-08 09:25:01.378 [info] Got 6 sessions for ...
2026-05-08 09:25:01.737 [info] Getting sessions for all scopes...
2026-05-08 09:25:01.738 [info] Got 6 sessions for ...
2026-05-08 09:25:08.093 [info] Getting sessions for all scopes...
2026-05-08 09:25:08.093 [info] Got 6 sessions for ...
2026-05-08 09:25:08.167 [info] Getting sessions for all scopes...
2026-05-08 09:25:08.167 [info] Got 6 sessions for ...
2026-05-08 09:25:26.440 [info] Getting sessions for all scopes...
2026-05-08 09:25:26.440 [info] Got 6 sessions for ...
2026-05-08 09:25:26.777 [info] Getting sessions for all scopes...
2026-05-08 09:25:26.777 [info] Got 6 sessions for ...
2026-05-08 09:25:49.512 [info] Getting sessions for all scopes...
2026-05-08 09:25:49.512 [info] Got 6 sessions for ...
2026-05-08 09:25:49.605 [info] Getting sessions for all scopes...
2026-05-08 09:25:49.605 [info] Got 6 sessions for ...
2026-05-08 09:26:16.316 [info] Getting sessions for all scopes...
2026-05-08 09:26:16.316 [info] Got 6 sessions for ...
2026-05-08 09:26:16.605 [info] Getting sessions for all scopes...
2026-05-08 09:26:16.605 [info] Got 6 sessions for ...
2026-05-08 09:26:24.606 [info] Getting sessions for all scopes...
2026-05-08 09:26:24.606 [info] Got 6 sessions for ...
2026-05-08 09:26:24.904 [info] Getting sessions for all scopes...
2026-05-08 09:26:24.904 [info] Got 6 sessions for ...
2026-05-08 09:26:30.691 [info] Getting sessions for all scopes...
2026-05-08 09:26:30.691 [info] Got 6 sessions for ...
2026-05-08 09:26:30.977 [info] Getting sessions for all scopes...
2026-05-08 09:26:30.977 [info] Got 6 sessions for ...
2026-05-08 09:26:58.488 [info] Getting sessions for all scopes...
2026-05-08 09:26:58.488 [info] Got 6 sessions for ...
2026-05-08 09:26:58.586 [info] Getting sessions for all scopes...
2026-05-08 09:26:58.586 [info] Got 6 sessions for ...
2026-05-08 09:27:35.746 [info] Getting sessions for all scopes...
2026-05-08 09:27:35.746 [info] Got 6 sessions for ...
2026-05-08 09:27:35.833 [info] Getting sessions for all scopes...
2026-05-08 09:27:35.833 [info] Got 6 sessions for ...
2026-05-08 09:28:19.402 [info] Getting sessions for all scopes...
2026-05-08 09:28:19.402 [info] Got 6 sessions for ...
2026-05-08 09:28:19.483 [info] Getting sessions for all scopes...
2026-05-08 09:28:19.483 [info] Got 6 sessions for ...
2026-05-08 09:28:38.983 [info] Getting sessions for all scopes...
2026-05-08 09:28:38.983 [info] Got 6 sessions for ...
2026-05-08 09:28:39.130 [info] Getting sessions for all scopes...
2026-05-08 09:28:39.130 [info] Got 6 sessions for ...
2026-05-08 09:28:57.008 [info] Getting sessions for all scopes...
2026-05-08 09:28:57.008 [info] Got 6 sessions for ...
2026-05-08 09:28:57.093 [info] Getting sessions for all scopes...
2026-05-08 09:28:57.093 [info] Got 6 sessions for ...
2026-05-08 09:29:07.508 [info] Getting sessions for all scopes...
2026-05-08 09:29:07.508 [info] Got 6 sessions for ...
2026-05-08 09:29:07.946 [info] Getting sessions for all scopes...
2026-05-08 09:29:07.946 [info] Got 6 sessions for ...
2026-05-08 09:29:35.582 [info] Getting sessions for all scopes...
2026-05-08 09:29:35.582 [info] Got 6 sessions for ...
2026-05-08 09:29:35.668 [info] Getting sessions for all scopes...
2026-05-08 09:29:35.668 [info] Got 6 sessions for ...
2026-05-08 09:30:20.292 [info] Getting sessions for all scopes...
2026-05-08 09:30:20.293 [info] Got 6 sessions for ...
2026-05-08 09:30:20.383 [info] Getting sessions for all scopes...
2026-05-08 09:30:20.383 [info] Got 6 sessions for ...
2026-05-08 09:31:28.251 [info] Getting sessions for all scopes...
2026-05-08 09:31:28.255 [info] Got 6 sessions for ...
2026-05-08 09:31:28.396 [info] Getting sessions for all scopes...
2026-05-08 09:31:28.396 [info] Got 6 sessions for ...
2026-05-08 09:31:53.141 [info] Getting sessions for all scopes...
2026-05-08 09:31:53.141 [info] Got 6 sessions for ...
2026-05-08 09:31:53.526 [info] Getting sessions for all scopes...
2026-05-08 09:31:53.526 [info] Got 6 sessions for ...
2026-05-08 09:32:33.329 [info] Getting sessions for all scopes...
2026-05-08 09:32:33.329 [info] Got 6 sessions for ...
2026-05-08 09:32:33.658 [info] Getting sessions for all scopes...
2026-05-08 09:32:33.658 [info] Got 6 sessions for ...
2026-05-08 09:33:32.501 [info] Getting sessions for all scopes...
2026-05-08 09:33:32.519 [info] Got 6 sessions for ...
2026-05-08 09:33:32.633 [info] Getting sessions for all scopes...
2026-05-08 09:33:32.633 [info] Got 6 sessions for ...
2026-05-08 09:34:30.594 [info] Getting sessions for all scopes...
2026-05-08 09:34:30.597 [info] Got 6 sessions for ...
2026-05-08 09:34:30.803 [info] Getting sessions for all scopes...
2026-05-08 09:34:30.803 [info] Got 6 sessions for ...
2026-05-08 09:37:12.953 [info] Getting sessions for all scopes...
2026-05-08 09:37:13.190 [info] Got 6 sessions for ...
2026-05-08 09:37:13.271 [info] Getting sessions for all scopes...
2026-05-08 09:37:13.271 [info] Got 6 sessions for ...
2026-05-08 09:41:45.510 [info] Getting sessions for all scopes...
2026-05-08 09:41:45.735 [info] Got 6 sessions for ...
2026-05-08 09:41:46.341 [info] Getting sessions for all scopes...
2026-05-08 09:41:46.341 [info] Got 6 sessions for ...
2026-05-08 09:49:30.437 [info] Getting sessions for all scopes...
2026-05-08 09:49:30.438 [info] Got 6 sessions for ...
2026-05-08 09:49:30.770 [info] Getting sessions for all scopes...
2026-05-08 09:49:30.770 [info] Got 6 sessions for ...
2026-05-08 09:50:21.989 [info] Getting sessions for all scopes...
2026-05-08 09:50:21.989 [info] Got 6 sessions for ...
2026-05-08 09:50:22.079 [info] Getting sessions for all scopes...
2026-05-08 09:50:22.079 [info] Got 6 sessions for ...
2026-05-08 09:54:05.498 [info] Getting sessions for all scopes...
2026-05-08 09:54:05.507 [info] Got 6 sessions for ...
2026-05-08 09:54:05.778 [info] Getting sessions for all scopes...
2026-05-08 09:54:05.778 [info] Got 6 sessions for ...
2026-05-08 09:54:15.898 [info] Getting sessions for all scopes...
2026-05-08 09:54:15.898 [info] Got 6 sessions for ...
2026-05-08 09:54:15.978 [info] Getting sessions for all scopes...
2026-05-08 09:54:15.978 [info] Got 6 sessions for ...
2026-05-08 09:54:29.953 [info] Getting sessions for all scopes...
2026-05-08 09:54:29.953 [info] Got 6 sessions for ...
2026-05-08 09:54:30.114 [info] Getting sessions for all scopes...
2026-05-08 09:54:30.114 [info] Got 6 sessions for ...
2026-05-08 09:54:42.052 [info] Getting sessions for all scopes...
2026-05-08 09:54:42.052 [info] Got 6 sessions for ...
2026-05-08 09:54:42.154 [info] Getting sessions for all scopes...
2026-05-08 09:54:42.154 [info] Got 6 sessions for ...
2026-05-08 09:55:16.409 [info] Getting sessions for all scopes...
2026-05-08 09:55:16.413 [info] Got 6 sessions for ...
2026-05-08 09:55:17.520 [info] Getting sessions for all scopes...
2026-05-08 09:55:17.520 [info] Got 6 sessions for ...
2026-05-08 09:55:41.698 [info] Getting sessions for all scopes...
2026-05-08 09:55:41.698 [info] Got 6 sessions for ...
2026-05-08 09:55:41.779 [info] Getting sessions for all scopes...
2026-05-08 09:55:41.779 [info] Got 6 sessions for ...
2026-05-08 09:56:10.504 [info] Getting sessions for all scopes...
2026-05-08 09:56:10.504 [info] Got 6 sessions for ...
2026-05-08 09:56:10.584 [info] Getting sessions for all scopes...
2026-05-08 09:56:10.584 [info] Got 6 sessions for ...
2026-05-08 09:56:33.885 [info] Getting sessions for all scopes...
2026-05-08 09:56:33.885 [info] Got 6 sessions for ...
2026-05-08 09:56:33.958 [info] Getting sessions for all scopes...
2026-05-08 09:56:33.958 [info] Got 6 sessions for ...
2026-05-08 09:56:58.614 [info] Getting sessions for all scopes...
2026-05-08 09:56:58.614 [info] Got 6 sessions for ...
2026-05-08 09:56:58.699 [info] Getting sessions for all scopes...
2026-05-08 09:56:58.699 [info] Got 6 sessions for ...
2026-05-08 09:57:04.959 [info] Getting sessions for all scopes...
2026-05-08 09:57:04.959 [info] Got 6 sessions for ...
2026-05-08 09:57:05.051 [info] Getting sessions for all scopes...
2026-05-08 09:57:05.051 [info] Got 6 sessions for ...
2026-05-08 09:57:14.968 [info] Getting sessions for all scopes...
2026-05-08 09:57:14.968 [info] Got 6 sessions for ...
2026-05-08 09:57:15.043 [info] Getting sessions for all scopes...
2026-05-08 09:57:15.043 [info] Got 6 sessions for ...
2026-05-08 09:57:22.313 [info] Getting sessions for all scopes...
2026-05-08 09:57:22.313 [info] Got 6 sessions for ...
2026-05-08 09:57:22.426 [info] Getting sessions for all scopes...
2026-05-08 09:57:22.426 [info] Got 6 sessions for ...
2026-05-08 09:57:30.703 [info] Getting sessions for all scopes...
2026-05-08 09:57:30.703 [info] Got 6 sessions for ...
2026-05-08 09:57:30.798 [info] Getting sessions for all scopes...
2026-05-08 09:57:30.798 [info] Got 6 sessions for ...
2026-05-08 09:57:53.469 [info] Getting sessions for all scopes...
2026-05-08 09:57:53.469 [info] Got 6 sessions for ...
2026-05-08 09:57:53.562 [info] Getting sessions for all scopes...
2026-05-08 09:57:53.562 [info] Got 6 sessions for ...
2026-05-08 09:58:44.179 [info] Getting sessions for all scopes...
2026-05-08 09:58:44.179 [info] Got 6 sessions for ...
2026-05-08 09:58:44.248 [info] Getting sessions for all scopes...
2026-05-08 09:58:44.249 [info] Got 6 sessions for ...
2026-05-08 09:58:48.121 [info] Getting sessions for all scopes...
2026-05-08 09:58:48.121 [info] Got 6 sessions for ...
2026-05-08 09:58:48.399 [info] Getting sessions for all scopes...
2026-05-08 09:58:48.399 [info] Got 6 sessions for ...
2026-05-08 10:00:01.601 [info] Getting sessions for all scopes...
2026-05-08 10:00:01.601 [info] Got 6 sessions for ...
2026-05-08 10:00:01.701 [info] Getting sessions for all scopes...
2026-05-08 10:00:01.701 [info] Got 6 sessions for ...
2026-05-08 10:00:08.805 [info] Getting sessions for all scopes...
2026-05-08 10:00:08.805 [info] Got 6 sessions for ...
2026-05-08 10:00:08.900 [info] Getting sessions for all scopes...
2026-05-08 10:00:08.900 [info] Got 6 sessions for ...
2026-05-08 10:00:15.699 [info] Getting sessions for all scopes...
2026-05-08 10:00:15.699 [info] Got 6 sessions for ...
2026-05-08 10:00:15.779 [info] Getting sessions for all scopes...
2026-05-08 10:00:15.779 [info] Got 6 sessions for ...
2026-05-08 10:00:33.119 [info] Getting sessions for all scopes...
2026-05-08 10:00:33.119 [info] Got 6 sessions for ...
2026-05-08 10:00:33.648 [info] Getting sessions for all scopes...
2026-05-08 10:00:33.648 [info] Got 6 sessions for ...
2026-05-08 10:00:50.868 [info] Getting sessions for all scopes...
2026-05-08 10:00:50.870 [info] Got 6 sessions for ...
2026-05-08 10:00:50.987 [info] Getting sessions for all scopes...
2026-05-08 10:00:50.987 [info] Got 6 sessions for ...
2026-05-08 10:15:04.911 [info] Getting sessions for all scopes...
2026-05-08 10:15:04.911 [info] Got 6 sessions for ...
2026-05-08 10:15:06.275 [info] Getting sessions for all scopes...
2026-05-08 10:15:06.275 [info] Got 6 sessions for ...
2026-05-08 10:18:36.863 [info] Getting sessions for all scopes...
2026-05-08 10:18:36.865 [info] Got 6 sessions for ...
2026-05-08 10:18:37.230 [info] Getting sessions for all scopes...
2026-05-08 10:18:37.230 [info] Got 6 sessions for ...
2026-05-08 10:19:48.093 [info] Getting sessions for all scopes...
2026-05-08 10:19:48.093 [info] Got 6 sessions for ...
2026-05-08 10:19:48.173 [info] Getting sessions for all scopes...
2026-05-08 10:19:48.174 [info] Got 6 sessions for ...
2026-05-08 10:20:02.839 [info] Getting sessions for all scopes...
2026-05-08 10:20:02.839 [info] Got 6 sessions for ...
2026-05-08 10:20:03.075 [info] Getting sessions for all scopes...
2026-05-08 10:20:03.075 [info] Got 6 sessions for ...
2026-05-08 10:20:37.928 [info] Getting sessions for all scopes...
2026-05-08 10:20:37.928 [info] Got 6 sessions for ...
2026-05-08 10:20:38.081 [info] Getting sessions for all scopes...
2026-05-08 10:20:38.081 [info] Got 6 sessions for ...
2026-05-08 10:20:48.483 [info] Getting sessions for all scopes...
2026-05-08 10:20:48.483 [info] Got 6 sessions for ...
2026-05-08 10:20:48.575 [info] Getting sessions for all scopes...
2026-05-08 10:20:48.575 [info] Got 6 sessions for ...
2026-05-08 10:20:58.627 [info] Getting sessions for all scopes...
2026-05-08 10:20:58.628 [info] Got 6 sessions for ...
2026-05-08 10:20:58.726 [info] Getting sessions for all scopes...
2026-05-08 10:20:58.726 [info] Got 6 sessions for ...
2026-05-08 10:25:35.762 [info] Getting sessions for all scopes...
2026-05-08 10:25:35.762 [info] Got 6 sessions for ...
2026-05-08 10:25:35.863 [info] Getting sessions for all scopes...
2026-05-08 10:25:35.863 [info] Got 6 sessions for ...
2026-05-08 10:25:58.131 [info] Getting sessions for all scopes...
2026-05-08 10:25:58.131 [info] Got 6 sessions for ...
2026-05-08 10:25:58.227 [info] Getting sessions for all scopes...
2026-05-08 10:25:58.227 [info] Got 6 sessions for ...
2026-05-08 10:26:12.053 [info] Getting sessions for all scopes...
2026-05-08 10:26:12.053 [info] Got 6 sessions for ...
2026-05-08 10:26:12.127 [info] Getting sessions for all scopes...
2026-05-08 10:26:12.127 [info] Got 6 sessions for ...
2026-05-08 10:27:02.523 [info] Getting sessions for all scopes...
2026-05-08 10:27:02.535 [info] Got 6 sessions for ...
2026-05-08 10:27:02.620 [info] Getting sessions for all scopes...
2026-05-08 10:27:02.620 [info] Got 6 sessions for ...
2026-05-08 10:28:21.431 [info] Getting sessions for all scopes...
2026-05-08 10:28:21.431 [info] Got 6 sessions for ...
2026-05-08 10:28:21.545 [info] Getting sessions for all scopes...
2026-05-08 10:28:21.545 [info] Got 6 sessions for ...
2026-05-08 10:28:34.301 [info] Getting sessions for all scopes...
2026-05-08 10:28:34.301 [info] Got 6 sessions for ...
2026-05-08 10:28:34.379 [info] Getting sessions for all scopes...
2026-05-08 10:28:34.379 [info] Got 6 sessions for ...
2026-05-08 10:28:43.022 [info] Getting sessions for all scopes...
2026-05-08 10:28:43.022 [info] Got 6 sessions for ...
2026-05-08 10:28:43.133 [info] Getting sessions for all scopes...
2026-05-08 10:28:43.133 [info] Got 6 sessions for ...
2026-05-08 10:28:54.643 [info] Getting sessions for all scopes...
2026-05-08 10:28:54.643 [info] Got 6 sessions for ...
2026-05-08 10:28:54.738 [info] Getting sessions for all scopes...
2026-05-08 10:28:54.738 [info] Got 6 sessions for ...
2026-05-08 10:28:58.528 [info] Getting sessions for all scopes...
2026-05-08 10:28:58.528 [info] Got 6 sessions for ...
2026-05-08 10:28:58.619 [info] Getting sessions for all scopes...
2026-05-08 10:28:58.619 [info] Got 6 sessions for ...
2026-05-08 10:30:32.220 [info] Getting sessions for all scopes...
2026-05-08 10:30:32.225 [info] Got 6 sessions for ...
2026-05-08 10:30:32.332 [info] Getting sessions for all scopes...
2026-05-08 10:30:32.332 [info] Got 6 sessions for ...
2026-05-08 10:31:11.421 [info] Getting sessions for all scopes...
2026-05-08 10:31:11.424 [info] Got 6 sessions for ...
2026-05-08 10:31:11.543 [info] Getting sessions for all scopes...
2026-05-08 10:31:11.544 [info] Got 6 sessions for ...
2026-05-08 10:31:52.364 [info] Getting sessions for all scopes...
2026-05-08 10:31:52.364 [info] Got 6 sessions for ...
2026-05-08 10:31:52.532 [info] Getting sessions for all scopes...
2026-05-08 10:31:52.532 [info] Got 6 sessions for ...
2026-05-08 10:32:03.621 [info] Getting sessions for all scopes...
2026-05-08 10:32:03.621 [info] Got 6 sessions for ...
2026-05-08 10:32:03.701 [info] Getting sessions for all scopes...
2026-05-08 10:32:03.701 [info] Got 6 sessions for ...
2026-05-08 10:32:36.603 [info] Getting sessions for all scopes...
2026-05-08 10:32:36.603 [info] Got 6 sessions for ...
2026-05-08 10:32:36.675 [info] Getting sessions for all scopes...
2026-05-08 10:32:36.675 [info] Got 6 sessions for ...
2026-05-08 10:34:12.156 [info] Getting sessions for all scopes...
2026-05-08 10:34:12.164 [info] Got 6 sessions for ...
2026-05-08 10:34:12.251 [info] Getting sessions for all scopes...
2026-05-08 10:34:12.251 [info] Got 6 sessions for ...
2026-05-08 10:34:40.414 [info] Getting sessions for all scopes...
2026-05-08 10:34:40.414 [info] Got 6 sessions for ...
2026-05-08 10:34:40.489 [info] Getting sessions for all scopes...
2026-05-08 10:34:40.489 [info] Got 6 sessions for ...
2026-05-08 10:35:03.581 [info] Getting sessions for all scopes...
2026-05-08 10:35:03.582 [info] Got 6 sessions for ...
2026-05-08 10:35:03.649 [info] Getting sessions for all scopes...
2026-05-08 10:35:03.649 [info] Got 6 sessions for ...
2026-05-08 10:37:36.111 [info] Getting sessions for all scopes...
2026-05-08 10:37:36.114 [info] Got 6 sessions for ...
2026-05-08 10:37:36.214 [info] Getting sessions for all scopes...
2026-05-08 10:37:36.214 [info] Got 6 sessions for ...
2026-05-08 10:38:07.175 [info] Getting sessions for all scopes...
2026-05-08 10:38:07.175 [info] Got 6 sessions for ...
2026-05-08 10:38:07.250 [info] Getting sessions for all scopes...
2026-05-08 10:38:07.250 [info] Got 6 sessions for ...
2026-05-08 10:38:13.725 [info] Getting sessions for all scopes...
2026-05-08 10:38:13.725 [info] Got 6 sessions for ...
2026-05-08 10:38:13.820 [info] Getting sessions for all scopes...
2026-05-08 10:38:13.820 [info] Got 6 sessions for ...
2026-05-08 10:38:38.334 [info] Getting sessions for all scopes...
2026-05-08 10:38:38.334 [info] Got 6 sessions for ...
2026-05-08 10:38:38.443 [info] Getting sessions for all scopes...
2026-05-08 10:38:38.443 [info] Got 6 sessions for ...
2026-05-08 10:40:03.886 [info] Getting sessions for all scopes...
2026-05-08 10:40:03.888 [info] Got 6 sessions for ...
2026-05-08 10:40:03.951 [info] Getting sessions for all scopes...
2026-05-08 10:40:03.951 [info] Got 6 sessions for ...
2026-05-08 10:40:33.715 [info] Getting sessions for all scopes...
2026-05-08 10:40:33.715 [info] Got 6 sessions for ...
2026-05-08 10:40:33.841 [info] Getting sessions for all scopes...
2026-05-08 10:40:33.841 [info] Got 6 sessions for ...
2026-05-08 10:40:46.779 [info] Getting sessions for all scopes...
2026-05-08 10:40:46.779 [info] Got 6 sessions for ...
2026-05-08 10:40:46.887 [info] Getting sessions for all scopes...
2026-05-08 10:40:46.887 [info] Got 6 sessions for ...
2026-05-08 10:40:53.591 [info] Getting sessions for all scopes...
2026-05-08 10:40:53.591 [info] Got 6 sessions for ...
2026-05-08 10:40:53.817 [info] Getting sessions for all scopes...
2026-05-08 10:40:53.817 [info] Got 6 sessions for ...
2026-05-08 10:41:51.247 [info] Getting sessions for all scopes...
2026-05-08 10:41:51.251 [info] Got 6 sessions for ...
2026-05-08 10:41:51.344 [info] Getting sessions for all scopes...
2026-05-08 10:41:51.360 [info] Got 6 sessions for ...
2026-05-08 10:42:04.892 [info] Getting sessions for all scopes...
2026-05-08 10:42:04.893 [info] Got 6 sessions for ...
2026-05-08 10:42:05.025 [info] Getting sessions for all scopes...
2026-05-08 10:42:05.025 [info] Got 6 sessions for ...
2026-05-08 10:42:28.712 [info] Getting sessions for all scopes...
2026-05-08 10:42:28.712 [info] Got 6 sessions for ...
2026-05-08 10:42:28.792 [info] Getting sessions for all scopes...
2026-05-08 10:42:28.792 [info] Got 6 sessions for ...
2026-05-08 10:42:38.749 [info] Getting sessions for all scopes...
2026-05-08 10:42:38.750 [info] Got 6 sessions for ...
2026-05-08 10:42:38.816 [info] Getting sessions for all scopes...
2026-05-08 10:42:38.816 [info] Got 6 sessions for ...
2026-05-08 10:42:45.969 [info] Getting sessions for all scopes...
2026-05-08 10:42:45.969 [info] Got 6 sessions for ...
2026-05-08 10:42:46.057 [info] Getting sessions for all scopes...
2026-05-08 10:42:46.057 [info] Got 6 sessions for ...
2026-05-08 10:42:59.096 [info] Getting sessions for all scopes...
2026-05-08 10:42:59.096 [info] Got 6 sessions for ...
2026-05-08 10:42:59.208 [info] Getting sessions for all scopes...
2026-05-08 10:42:59.208 [info] Got 6 sessions for ...
2026-05-08 10:44:11.059 [info] Getting sessions for all scopes...
2026-05-08 10:44:11.090 [info] Got 6 sessions for ...
2026-05-08 10:44:11.177 [info] Getting sessions for all scopes...
2026-05-08 10:44:11.177 [info] Got 6 sessions for ...
2026-05-08 10:45:11.149 [info] Getting sessions for all scopes...
2026-05-08 10:45:11.149 [info] Got 6 sessions for ...
2026-05-08 10:45:11.218 [info] Getting sessions for all scopes...
2026-05-08 10:45:11.218 [info] Got 6 sessions for ...
2026-05-08 10:45:35.276 [info] Getting sessions for all scopes...
2026-05-08 10:45:35.294 [info] Got 6 sessions for ...
2026-05-08 10:45:35.380 [info] Getting sessions for all scopes...
2026-05-08 10:45:35.380 [info] Got 6 sessions for ...
2026-05-08 10:45:54.738 [info] Getting sessions for all scopes...
2026-05-08 10:45:54.754 [info] Got 6 sessions for ...
2026-05-08 10:45:54.832 [info] Getting sessions for all scopes...
2026-05-08 10:45:54.834 [info] Got 6 sessions for ...
2026-05-08 10:47:03.049 [info] Getting sessions for all scopes...
2026-05-08 10:47:03.049 [info] Got 6 sessions for ...
2026-05-08 10:47:03.143 [info] Getting sessions for all scopes...
2026-05-08 10:47:03.143 [info] Got 6 sessions for ...
2026-05-08 10:47:28.866 [info] Getting sessions for all scopes...
2026-05-08 10:47:28.904 [info] Got 6 sessions for ...
2026-05-08 10:47:29.056 [info] Getting sessions for all scopes...
2026-05-08 10:47:29.061 [info] Got 6 sessions for ...
2026-05-08 10:47:45.000 [info] Getting sessions for all scopes...
2026-05-08 10:47:45.187 [info] Got 6 sessions for ...
2026-05-08 10:47:45.246 [info] Getting sessions for all scopes...
2026-05-08 10:47:45.246 [info] Got 6 sessions for ...
2026-05-08 10:47:54.336 [info] Getting sessions for all scopes...
2026-05-08 10:47:54.336 [info] Got 6 sessions for ...
2026-05-08 10:47:54.430 [info] Getting sessions for all scopes...
2026-05-08 10:47:54.430 [info] Got 6 sessions for ...
2026-05-08 10:48:22.231 [info] Getting sessions for all scopes...
2026-05-08 10:48:22.234 [info] Got 6 sessions for ...
2026-05-08 10:48:22.314 [info] Getting sessions for all scopes...
2026-05-08 10:48:22.314 [info] Got 6 sessions for ...
2026-05-08 10:48:36.470 [info] Getting sessions for all scopes...
2026-05-08 10:48:36.470 [info] Got 6 sessions for ...
2026-05-08 10:48:36.597 [info] Getting sessions for all scopes...
2026-05-08 10:48:36.597 [info] Got 6 sessions for ...
2026-05-08 10:51:38.812 [info] Getting sessions for all scopes...
2026-05-08 10:51:38.820 [info] Got 6 sessions for ...
2026-05-08 10:51:38.884 [info] Getting sessions for all scopes...
2026-05-08 10:51:38.884 [info] Got 6 sessions for ...
2026-05-08 11:07:49.148 [info] Getting sessions for all scopes...
2026-05-08 11:07:49.148 [info] Got 6 sessions for ...
2026-05-08 11:07:49.378 [info] Getting sessions for all scopes...
2026-05-08 11:07:49.378 [info] Got 6 sessions for ...
2026-05-08 11:10:11.041 [info] Getting sessions for all scopes...
2026-05-08 11:10:11.041 [info] Got 6 sessions for ...
2026-05-08 11:10:11.128 [info] Getting sessions for all scopes...
2026-05-08 11:10:11.128 [info] Got 6 sessions for ...
2026-05-08 11:11:09.195 [info] Getting sessions for all scopes...
2026-05-08 11:11:09.195 [info] Got 6 sessions for ...
2026-05-08 11:11:09.294 [info] Getting sessions for all scopes...
2026-05-08 11:11:09.294 [info] Got 6 sessions for ...
2026-05-08 11:11:22.745 [info] Getting sessions for all scopes...
2026-05-08 11:11:22.745 [info] Got 6 sessions for ...
2026-05-08 11:11:22.819 [info] Getting sessions for all scopes...
2026-05-08 11:11:22.819 [info] Got 6 sessions for ...
2026-05-08 11:11:32.935 [info] Getting sessions for all scopes...
2026-05-08 11:11:32.935 [info] Got 6 sessions for ...
2026-05-08 11:11:33.071 [info] Getting sessions for all scopes...
2026-05-08 11:11:33.071 [info] Got 6 sessions for ...
2026-05-08 11:12:43.861 [info] Getting sessions for all scopes...
2026-05-08 11:12:43.865 [info] Got 6 sessions for ...
2026-05-08 11:12:43.944 [info] Getting sessions for all scopes...
2026-05-08 11:12:43.944 [info] Got 6 sessions for ...
2026-05-08 11:13:58.575 [info] Getting sessions for all scopes...
2026-05-08 11:13:58.575 [info] Got 6 sessions for ...
2026-05-08 11:13:58.656 [info] Getting sessions for all scopes...
2026-05-08 11:13:58.656 [info] Got 6 sessions for ...
2026-05-08 11:14:28.934 [info] Getting sessions for all scopes...
2026-05-08 11:14:28.934 [info] Got 6 sessions for ...
2026-05-08 11:14:29.060 [info] Getting sessions for all scopes...
2026-05-08 11:14:29.060 [info] Got 6 sessions for ...
2026-05-08 11:15:48.005 [info] Getting sessions for all scopes...
2026-05-08 11:15:48.018 [info] Got 6 sessions for ...
2026-05-08 11:15:48.112 [info] Getting sessions for all scopes...
2026-05-08 11:15:48.112 [info] Got 6 sessions for ...
2026-05-08 11:16:16.539 [info] Getting sessions for all scopes...
2026-05-08 11:16:16.539 [info] Got 6 sessions for ...
2026-05-08 11:16:16.602 [info] Getting sessions for all scopes...
2026-05-08 11:16:16.602 [info] Got 6 sessions for ...
2026-05-08 11:17:22.457 [info] Getting sessions for all scopes...
2026-05-08 11:17:22.457 [info] Got 6 sessions for ...
2026-05-08 11:17:22.907 [info] Getting sessions for all scopes...
2026-05-08 11:17:22.907 [info] Got 6 sessions for ...
2026-05-08 11:17:37.668 [info] Getting sessions for all scopes...
2026-05-08 11:17:37.668 [info] Got 6 sessions for ...
2026-05-08 11:17:37.732 [info] Getting sessions for all scopes...
2026-05-08 11:17:37.732 [info] Got 6 sessions for ...
2026-05-08 11:17:53.500 [info] Getting sessions for all scopes...
2026-05-08 11:17:53.500 [info] Got 6 sessions for ...
2026-05-08 11:17:53.582 [info] Getting sessions for all scopes...
2026-05-08 11:17:53.582 [info] Got 6 sessions for ...
2026-05-08 11:19:54.633 [info] Getting sessions for all scopes...
2026-05-08 11:19:54.635 [info] Got 6 sessions for ...
2026-05-08 11:19:54.698 [info] Getting sessions for all scopes...
2026-05-08 11:19:54.698 [info] Got 6 sessions for ...
2026-05-08 11:20:59.225 [info] Getting sessions for all scopes...
2026-05-08 11:20:59.225 [info] Got 6 sessions for ...
2026-05-08 11:20:59.309 [info] Getting sessions for all scopes...
2026-05-08 11:20:59.309 [info] Got 6 sessions for ...
2026-05-08 11:21:13.734 [info] Getting sessions for all scopes...
2026-05-08 11:21:13.734 [info] Got 6 sessions for ...
2026-05-08 11:21:14.060 [info] Getting sessions for all scopes...
2026-05-08 11:21:14.060 [info] Got 6 sessions for ...
2026-05-08 11:21:24.971 [info] Getting sessions for all scopes...
2026-05-08 11:21:24.971 [info] Got 6 sessions for ...
2026-05-08 11:21:25.546 [info] Getting sessions for all scopes...
2026-05-08 11:21:25.546 [info] Got 6 sessions for ...
2026-05-08 11:21:38.715 [info] Getting sessions for all scopes...
2026-05-08 11:21:38.716 [info] Got 6 sessions for ...
2026-05-08 11:21:38.788 [info] Getting sessions for all scopes...
2026-05-08 11:21:38.788 [info] Got 6 sessions for ...
2026-05-08 11:22:58.656 [info] Getting sessions for all scopes...
2026-05-08 11:22:58.656 [info] Got 6 sessions for ...
2026-05-08 11:22:58.772 [info] Getting sessions for all scopes...
2026-05-08 11:22:58.772 [info] Got 6 sessions for ...
2026-05-08 11:23:31.380 [info] Getting sessions for all scopes...
2026-05-08 11:23:31.426 [info] Got 6 sessions for ...
2026-05-08 11:23:31.719 [info] Getting sessions for all scopes...
2026-05-08 11:23:31.719 [info] Got 6 sessions for ...
2026-05-08 11:23:52.775 [info] Getting sessions for all scopes...
2026-05-08 11:23:52.775 [info] Got 6 sessions for ...
2026-05-08 11:23:52.851 [info] Getting sessions for all scopes...
2026-05-08 11:23:52.851 [info] Got 6 sessions for ...
2026-05-08 11:24:30.447 [info] Getting sessions for all scopes...
2026-05-08 11:24:30.448 [info] Got 6 sessions for ...
2026-05-08 11:24:30.519 [info] Getting sessions for all scopes...
2026-05-08 11:24:30.519 [info] Got 6 sessions for ...
2026-05-08 11:25:07.559 [info] Getting sessions for all scopes...
2026-05-08 11:25:07.559 [info] Got 6 sessions for ...
2026-05-08 11:25:07.663 [info] Getting sessions for all scopes...
2026-05-08 11:25:07.663 [info] Got 6 sessions for ...
2026-05-08 11:25:51.748 [info] Getting sessions for all scopes...
2026-05-08 11:25:51.748 [info] Got 6 sessions for ...
2026-05-08 11:25:51.815 [info] Getting sessions for all scopes...
2026-05-08 11:25:51.815 [info] Got 6 sessions for ...
2026-05-08 11:26:28.484 [info] Getting sessions for all scopes...
2026-05-08 11:26:28.484 [info] Got 6 sessions for ...
2026-05-08 11:26:28.550 [info] Getting sessions for all scopes...
2026-05-08 11:26:28.550 [info] Got 6 sessions for ...
2026-05-08 11:27:04.646 [info] Getting sessions for all scopes...
2026-05-08 11:27:04.646 [info] Got 6 sessions for ...
2026-05-08 11:27:04.720 [info] Getting sessions for all scopes...
2026-05-08 11:27:04.720 [info] Got 6 sessions for ...
2026-05-08 11:27:42.767 [info] Getting sessions for all scopes...
2026-05-08 11:27:42.767 [info] Got 6 sessions for ...
2026-05-08 11:27:42.846 [info] Getting sessions for all scopes...
2026-05-08 11:27:42.846 [info] Got 6 sessions for ...
2026-05-08 11:28:25.715 [info] Getting sessions for all scopes...
2026-05-08 11:28:25.715 [info] Got 6 sessions for ...
2026-05-08 11:28:25.781 [info] Getting sessions for all scopes...
2026-05-08 11:28:25.781 [info] Got 6 sessions for ...
2026-05-08 11:29:10.957 [info] Getting sessions for all scopes...
2026-05-08 11:29:10.958 [info] Got 6 sessions for ...
2026-05-08 11:29:11.031 [info] Getting sessions for all scopes...
2026-05-08 11:29:11.031 [info] Got 6 sessions for ...
2026-05-08 11:29:27.618 [info] Getting sessions for all scopes...
2026-05-08 11:29:27.618 [info] Got 6 sessions for ...
2026-05-08 11:29:27.691 [info] Getting sessions for all scopes...
2026-05-08 11:29:27.691 [info] Got 6 sessions for ...
2026-05-08 11:30:21.544 [info] Getting sessions for all scopes...
2026-05-08 11:30:21.544 [info] Got 6 sessions for ...
2026-05-08 11:30:21.616 [info] Getting sessions for all scopes...
2026-05-08 11:30:21.616 [info] Got 6 sessions for ...
2026-05-08 11:30:46.301 [info] Getting sessions for all scopes...
2026-05-08 11:30:46.301 [info] Got 6 sessions for ...
2026-05-08 11:30:46.372 [info] Getting sessions for all scopes...
2026-05-08 11:30:46.372 [info] Got 6 sessions for ...
2026-05-08 11:31:33.736 [info] Getting sessions for all scopes...
2026-05-08 11:31:33.736 [info] Got 6 sessions for ...
2026-05-08 11:31:33.827 [info] Getting sessions for all scopes...
2026-05-08 11:31:33.827 [info] Got 6 sessions for ...
2026-05-08 11:32:13.124 [info] Getting sessions for all scopes...
2026-05-08 11:32:13.124 [info] Got 6 sessions for ...
2026-05-08 11:32:13.282 [info] Getting sessions for all scopes...
2026-05-08 11:32:13.282 [info] Got 6 sessions for ...
2026-05-08 11:33:00.499 [info] Getting sessions for all scopes...
2026-05-08 11:33:00.499 [info] Got 6 sessions for ...
2026-05-08 11:33:00.731 [info] Getting sessions for all scopes...
2026-05-08 11:33:00.731 [info] Got 6 sessions for ...
2026-05-08 11:35:43.203 [info] Getting sessions for all scopes...
2026-05-08 11:35:43.203 [info] Got 6 sessions for ...
2026-05-08 11:35:43.595 [info] Getting sessions for all scopes...
2026-05-08 11:35:43.595 [info] Got 6 sessions for ...
2026-05-08 11:36:33.808 [info] Getting sessions for all scopes...
2026-05-08 11:36:33.808 [info] Got 6 sessions for ...
2026-05-08 11:36:34.239 [info] Getting sessions for all scopes...
2026-05-08 11:36:34.239 [info] Got 6 sessions for ...
2026-05-08 11:36:59.988 [info] Getting sessions for all scopes...
2026-05-08 11:36:59.988 [info] Got 6 sessions for ...
2026-05-08 11:37:00.073 [info] Getting sessions for all scopes...
2026-05-08 11:37:00.073 [info] Got 6 sessions for ...
2026-05-08 11:37:37.620 [info] Getting sessions for all scopes...
2026-05-08 11:37:37.620 [info] Got 6 sessions for ...
2026-05-08 11:37:37.705 [info] Getting sessions for all scopes...
2026-05-08 11:37:37.705 [info] Got 6 sessions for ...
2026-05-08 11:38:16.084 [info] Getting sessions for all scopes...
2026-05-08 11:38:16.084 [info] Got 6 sessions for ...
2026-05-08 11:38:16.389 [info] Getting sessions for all scopes...
2026-05-08 11:38:16.389 [info] Got 6 sessions for ...
2026-05-08 11:39:09.671 [info] Getting sessions for all scopes...
2026-05-08 11:39:09.673 [info] Got 6 sessions for ...
2026-05-08 11:39:09.946 [info] Getting sessions for all scopes...
2026-05-08 11:39:09.946 [info] Got 6 sessions for ...
2026-05-08 11:40:55.605 [info] Getting sessions for all scopes...
2026-05-08 11:40:55.610 [info] Got 6 sessions for ...
2026-05-08 11:40:55.700 [info] Getting sessions for all scopes...
2026-05-08 11:40:55.700 [info] Got 6 sessions for ...
2026-05-08 11:41:06.537 [info] Getting sessions for all scopes...
2026-05-08 11:41:06.537 [info] Got 6 sessions for ...
2026-05-08 11:41:06.771 [info] Getting sessions for all scopes...
2026-05-08 11:41:06.771 [info] Got 6 sessions for ...
2026-05-08 11:42:29.139 [info] Getting sessions for all scopes...
2026-05-08 11:42:29.143 [info] Got 6 sessions for ...
2026-05-08 11:42:29.479 [info] Getting sessions for all scopes...
2026-05-08 11:42:29.479 [info] Got 6 sessions for ...
2026-05-08 11:44:11.642 [info] Getting sessions for all scopes...
2026-05-08 11:44:11.643 [info] Got 6 sessions for ...
2026-05-08 11:44:11.778 [info] Getting sessions for all scopes...
2026-05-08 11:44:11.778 [info] Got 6 sessions for ...
2026-05-08 11:47:15.132 [info] Getting sessions for all scopes...
2026-05-08 11:47:15.133 [info] Got 6 sessions for ...
2026-05-08 11:47:15.207 [info] Getting sessions for all scopes...
2026-05-08 11:47:15.207 [info] Got 6 sessions for ...
2026-05-08 11:50:39.948 [info] Getting sessions for all scopes...
2026-05-08 11:50:39.950 [info] Got 6 sessions for ...
2026-05-08 11:50:40.063 [info] Getting sessions for all scopes...
2026-05-08 11:50:40.063 [info] Got 6 sessions for ...
2026-05-08 11:52:36.411 [info] Getting sessions for all scopes...
2026-05-08 11:52:36.419 [info] Got 6 sessions for ...
2026-05-08 11:52:36.837 [info] Getting sessions for all scopes...
2026-05-08 11:52:36.837 [info] Got 6 sessions for ...
2026-05-08 11:54:02.115 [info] Getting sessions for all scopes...
2026-05-08 11:54:02.121 [info] Got 6 sessions for ...
2026-05-08 11:54:02.379 [info] Getting sessions for all scopes...
2026-05-08 11:54:02.379 [info] Got 6 sessions for ...
2026-05-08 11:56:21.585 [info] Getting sessions for all scopes...
2026-05-08 11:56:21.588 [info] Got 6 sessions for ...
2026-05-08 11:56:21.640 [info] Getting sessions for all scopes...
2026-05-08 11:56:21.640 [info] Got 6 sessions for ...
2026-05-08 11:59:54.998 [info] Getting sessions for all scopes...
2026-05-08 11:59:55.001 [info] Got 6 sessions for ...
2026-05-08 11:59:55.078 [info] Getting sessions for all scopes...
2026-05-08 11:59:55.078 [info] Got 6 sessions for ...
2026-05-08 12:00:07.318 [info] Getting sessions for all scopes...
2026-05-08 12:00:07.318 [info] Got 6 sessions for ...
2026-05-08 12:00:07.397 [info] Getting sessions for all scopes...
2026-05-08 12:00:07.397 [info] Got 6 sessions for ...
2026-05-08 12:08:32.321 [info] Getting sessions for all scopes...
2026-05-08 12:08:32.328 [info] Got 6 sessions for ...
2026-05-08 12:08:32.405 [info] Getting sessions for all scopes...
2026-05-08 12:08:32.405 [info] Got 6 sessions for ...
2026-05-08 12:09:09.792 [info] Getting sessions for all scopes...
2026-05-08 12:09:09.792 [info] Got 6 sessions for ...
2026-05-08 12:09:09.856 [info] Getting sessions for all scopes...
2026-05-08 12:09:09.856 [info] Got 6 sessions for ...
2026-05-08 12:09:49.318 [info] Getting sessions for all scopes...
2026-05-08 12:09:49.318 [info] Got 6 sessions for ...
2026-05-08 12:09:49.485 [info] Getting sessions for all scopes...
2026-05-08 12:09:49.485 [info] Got 6 sessions for ...
2026-05-08 12:10:43.685 [info] Getting sessions for all scopes...
2026-05-08 12:10:43.686 [info] Got 6 sessions for ...
2026-05-08 12:10:43.946 [info] Getting sessions for all scopes...
2026-05-08 12:10:43.946 [info] Got 6 sessions for ...
2026-05-08 12:11:21.442 [info] Getting sessions for all scopes...
2026-05-08 12:11:21.442 [info] Got 6 sessions for ...
2026-05-08 12:11:21.502 [info] Getting sessions for all scopes...
2026-05-08 12:11:21.502 [info] Got 6 sessions for ...
