2026-05-08 09:13:16.001 [warning] /home/codespace/.ssh/config: ENOENT: no such file or directory, open '/home/codespace/.ssh/config'
2026-05-08 09:13:16.001 [info] [Activation] Extension version: 0.142.0
2026-05-08 09:13:19.717 [info] [Authentication] Creating hub for .com
2026-05-08 09:13:20.751 [info] [Activation] Registering built in git provider.
2026-05-08 09:13:20.751 [info] [Activation] Looking for git repository
2026-05-08 09:13:20.751 [info] [Activation] Found 0 repositories during activation
2026-05-08 09:13:20.751 [info] [Activation] Git repository found, initializing review manager and pr tree view.
2026-05-08 09:13:20.825 [info] [GitAPI] Registering git provider
2026-05-08 09:13:20.825 [info] [Review+0] Validate state in progress
2026-05-08 09:13:20.825 [info] [Review+0] Validating state...
2026-05-08 09:13:21.532 [info] [FolderRepositoryManager+0] Found GitHub remote for folder /workspaces/family-monitor
2026-05-08 09:13:22.142 [info] [GitPostCommitCommands] Trying to register post commit commands.
2026-05-08 09:13:22.142 [info] [GitPostCommitCommands] GitHub remote(s) found, registering post commit commands.
2026-05-08 09:13:22.142 [info] [GitPostCommitCommands] Looking for remote. Comparing 1 local repo remotes with 1 GitHub repositories.
2026-05-08 09:13:22.142 [info] [GitPostCommitCommands] Found a repo when getting post commit commands.
2026-05-08 09:13:22.142 [info] [GitPostCommitCommands] Looking for remote. Comparing 1 local repo remotes with 1 GitHub repositories.
2026-05-08 09:13:22.142 [info] [GitPostCommitCommands] Found a repo when getting post commit commands.
2026-05-08 09:13:23.399 [info] [FolderRepositoryManager+0] Trying to use globalState for assignableUsers.
2026-05-08 09:13:23.400 [info] [FolderRepositoryManager+0] First activation: associating local branches with PRs
2026-05-08 09:13:23.561 [info] [Review+0] No matching pull request metadata found locally for current branch main
2026-05-08 09:13:25.779 [info] [FolderRepositoryManager+0] GlobalState does not exist for assignableUsers.
2026-05-08 09:13:26.256 [info] [FolderRepositoryManager+0] Branch association complete: 0 branches associated with PRs
2026-05-08 09:13:26.257 [info] [Review+0] No matching pull request metadata found on GitHub for current branch main
2026-05-08 09:13:39.710 [info] [Activation] Repo state for file:///workspaces/family-monitor changed.
2026-05-08 09:13:39.710 [info] [Activation] Repo file:///workspaces/family-monitor has already been setup.
2026-05-08 09:18:20.823 [info] [Review+0] Polling for state change...
2026-05-08 09:18:20.823 [info] [Review+0] Validate state in progress
2026-05-08 09:18:20.823 [info] [Review+0] Validating state...
2026-05-08 09:19:11.064 [info] [FolderRepositoryManager+0] Found GitHub remote for folder /workspaces/family-monitor
2026-05-08 09:19:11.064 [info] [FolderRepositoryManager+0] Using in-memory cached assignable users.
2026-05-08 09:19:11.076 [info] [Review+0] No matching pull request metadata found locally for current branch main
2026-05-08 09:20:01.387 [info] [Review+0] No matching pull request metadata found on GitHub for current branch main
2026-05-08 09:20:31.990 [info] [GitPostCommitCommands] Looking for remote. Comparing 1 local repo remotes with 1 GitHub repositories.
2026-05-08 09:20:31.990 [info] [GitPostCommitCommands] Found a repo when getting post commit commands.
2026-05-08 09:20:31.990 [info] [GitPostCommitCommands] Looking for remote. Comparing 1 local repo remotes with 1 GitHub repositories.
2026-05-08 09:20:31.990 [info] [GitPostCommitCommands] Found a repo when getting post commit commands.
2026-05-08 09:25:01.722 [info] [Review+0] Polling for state change...
2026-05-08 09:25:01.722 [info] [Review+0] Validate state in progress
2026-05-08 09:25:01.722 [info] [Review+0] Validating state...
2026-05-08 09:25:01.819 [info] [FolderRepositoryManager+0] Found GitHub remote for folder /workspaces/family-monitor
2026-05-08 09:25:01.819 [info] [FolderRepositoryManager+0] Using in-memory cached assignable users.
2026-05-08 09:25:01.835 [info] [Review+0] No matching pull request metadata found locally for current branch main
2026-05-08 09:25:03.407 [info] [Review+0] No matching pull request metadata found on GitHub for current branch main
2026-05-08 09:30:03.670 [info] [Review+0] Polling for state change...
2026-05-08 09:30:03.670 [info] [Review+0] Validate state in progress
2026-05-08 09:30:03.670 [info] [Review+0] Validating state...
2026-05-08 09:30:03.768 [info] [FolderRepositoryManager+0] Found GitHub remote for folder /workspaces/family-monitor
2026-05-08 09:30:03.769 [info] [FolderRepositoryManager+0] Using in-memory cached assignable users.
2026-05-08 09:30:03.785 [info] [Review+0] No matching pull request metadata found locally for current branch main
2026-05-08 09:30:04.810 [info] [Review+0] No matching pull request metadata found on GitHub for current branch main
2026-05-08 09:35:05.129 [info] [Review+0] Polling for state change...
2026-05-08 09:35:05.129 [info] [Review+0] Validate state in progress
2026-05-08 09:35:05.129 [info] [Review+0] Validating state...
2026-05-08 09:35:05.261 [info] [FolderRepositoryManager+0] Found GitHub remote for folder /workspaces/family-monitor
2026-05-08 09:35:05.261 [info] [FolderRepositoryManager+0] Using in-memory cached assignable users.
2026-05-08 09:35:05.325 [info] [Review+0] No matching pull request metadata found locally for current branch main
2026-05-08 09:35:06.640 [info] [Review+0] No matching pull request metadata found on GitHub for current branch main
2026-05-08 09:40:06.924 [info] [Review+0] Polling for state change...
2026-05-08 09:40:06.964 [info] [Review+0] Validate state in progress
2026-05-08 09:40:06.964 [info] [Review+0] Validating state...
2026-05-08 09:40:11.210 [info] [FolderRepositoryManager+0] Found GitHub remote for folder /workspaces/family-monitor
2026-05-08 09:40:11.211 [info] [FolderRepositoryManager+0] Using in-memory cached assignable users.
2026-05-08 09:40:11.253 [info] [Review+0] No matching pull request metadata found locally for current branch main
2026-05-08 09:41:45.777 [info] [Review+0] No matching pull request metadata found on GitHub for current branch main
2026-05-08 09:46:46.623 [info] [Review+0] Polling for state change...
2026-05-08 09:46:46.624 [info] [Review+0] Validate state in progress
2026-05-08 09:46:46.625 [info] [Review+0] Validating state...
2026-05-08 09:48:46.627 [error] [Review+0] Timeout occurred while validating state.
2026-05-08 09:49:30.078 [info] [FolderRepositoryManager+0] Found GitHub remote for folder /workspaces/family-monitor
2026-05-08 09:49:30.080 [info] [FolderRepositoryManager+0] Using in-memory cached assignable users.
2026-05-08 09:49:30.113 [info] [Review+0] No matching pull request metadata found locally for current branch main
2026-05-08 09:49:31.276 [info] [Review+0] No matching pull request metadata found on GitHub for current branch main
2026-05-08 09:53:46.627 [info] [Review+0] Polling for state change...
2026-05-08 09:53:46.629 [info] [Review+0] Validate state in progress
2026-05-08 09:53:46.629 [info] [Review+0] Validating state...
2026-05-08 09:54:04.990 [info] [FolderRepositoryManager+0] Found GitHub remote for folder /workspaces/family-monitor
2026-05-08 09:54:04.990 [info] [FolderRepositoryManager+0] Using in-memory cached assignable users.
2026-05-08 09:54:05.008 [info] [Review+0] No matching pull request metadata found locally for current branch main
2026-05-08 09:54:06.577 [info] [Review+0] No matching pull request metadata found on GitHub for current branch main
2026-05-08 09:59:06.938 [info] [Review+0] Polling for state change...
2026-05-08 09:59:06.940 [info] [Review+0] Validate state in progress
2026-05-08 09:59:06.940 [info] [Review+0] Validating state...
2026-05-08 09:59:07.045 [info] [FolderRepositoryManager+0] Found GitHub remote for folder /workspaces/family-monitor
2026-05-08 09:59:07.046 [info] [FolderRepositoryManager+0] Using in-memory cached assignable users.
2026-05-08 09:59:07.058 [info] [Review+0] No matching pull request metadata found locally for current branch main
2026-05-08 09:59:08.350 [info] [Review+0] No matching pull request metadata found on GitHub for current branch main
2026-05-08 10:04:08.628 [info] [Review+0] Polling for state change...
2026-05-08 10:04:08.629 [info] [Review+0] Validate state in progress
2026-05-08 10:04:08.629 [info] [Review+0] Validating state...
2026-05-08 10:04:11.099 [info] [FolderRepositoryManager+0] Found GitHub remote for folder /workspaces/family-monitor
2026-05-08 10:04:11.100 [info] [FolderRepositoryManager+0] Using in-memory cached assignable users.
2026-05-08 10:04:11.113 [info] [Review+0] No matching pull request metadata found locally for current branch main
2026-05-08 10:06:08.629 [error] [Review+0] Timeout occurred while validating state.
2026-05-08 10:11:08.630 [info] [Review+0] Polling for state change...
2026-05-08 10:15:05.512 [info] [Review+0] No matching pull request metadata found on GitHub for current branch main
2026-05-08 10:16:08.631 [info] [Review+0] Polling for state change...
2026-05-08 10:16:08.632 [info] [Review+0] Validate state in progress
2026-05-08 10:16:08.632 [info] [Review+0] Validating state...
2026-05-08 10:16:08.765 [info] [FolderRepositoryManager+0] Found GitHub remote for folder /workspaces/family-monitor
2026-05-08 10:16:08.765 [info] [FolderRepositoryManager+0] Using in-memory cached assignable users.
2026-05-08 10:16:08.777 [info] [Review+0] No matching pull request metadata found locally for current branch main
2026-05-08 10:16:10.210 [info] [Review+0] No matching pull request metadata found on GitHub for current branch main
2026-05-08 10:21:10.507 [info] [Review+0] Polling for state change...
2026-05-08 10:21:10.507 [info] [Review+0] Validate state in progress
2026-05-08 10:21:10.507 [info] [Review+0] Validating state...
2026-05-08 10:21:10.622 [info] [FolderRepositoryManager+0] Found GitHub remote for folder /workspaces/family-monitor
2026-05-08 10:21:10.623 [info] [FolderRepositoryManager+0] Using in-memory cached assignable users.
2026-05-08 10:21:10.636 [info] [Review+0] No matching pull request metadata found locally for current branch main
2026-05-08 10:21:12.540 [info] [Review+0] No matching pull request metadata found on GitHub for current branch main
2026-05-08 10:26:12.782 [info] [Review+0] Polling for state change...
2026-05-08 10:26:12.782 [info] [Review+0] Validate state in progress
2026-05-08 10:26:12.782 [info] [Review+0] Validating state...
2026-05-08 10:26:12.932 [info] [FolderRepositoryManager+0] Found GitHub remote for folder /workspaces/family-monitor
2026-05-08 10:26:12.932 [info] [FolderRepositoryManager+0] Using in-memory cached assignable users.
2026-05-08 10:26:12.954 [info] [Review+0] No matching pull request metadata found locally for current branch main
2026-05-08 10:26:14.147 [info] [Review+0] No matching pull request metadata found on GitHub for current branch main
2026-05-08 10:31:14.478 [info] [Review+0] Polling for state change...
2026-05-08 10:31:14.479 [info] [Review+0] Validate state in progress
2026-05-08 10:31:14.479 [info] [Review+0] Validating state...
2026-05-08 10:31:14.582 [info] [FolderRepositoryManager+0] Found GitHub remote for folder /workspaces/family-monitor
2026-05-08 10:31:14.582 [info] [FolderRepositoryManager+0] Using in-memory cached assignable users.
2026-05-08 10:31:14.597 [info] [Review+0] No matching pull request metadata found locally for current branch main
2026-05-08 10:31:15.683 [info] [Review+0] No matching pull request metadata found on GitHub for current branch main
2026-05-08 10:36:15.975 [info] [Review+0] Polling for state change...
2026-05-08 10:36:15.988 [info] [Review+0] Validate state in progress
2026-05-08 10:36:15.988 [info] [Review+0] Validating state...
2026-05-08 10:37:11.117 [info] [FolderRepositoryManager+0] Found GitHub remote for folder /workspaces/family-monitor
2026-05-08 10:37:11.118 [info] [FolderRepositoryManager+0] Using in-memory cached assignable users.
2026-05-08 10:37:11.130 [info] [Review+0] No matching pull request metadata found locally for current branch main
2026-05-08 10:37:36.639 [info] [Review+0] No matching pull request metadata found on GitHub for current branch main
2026-05-08 10:42:36.910 [info] [Review+0] Polling for state change...
2026-05-08 10:42:36.911 [info] [Review+0] Validate state in progress
2026-05-08 10:42:36.911 [info] [Review+0] Validating state...
2026-05-08 10:42:37.132 [info] [FolderRepositoryManager+0] Found GitHub remote for folder /workspaces/family-monitor
2026-05-08 10:42:37.133 [info] [FolderRepositoryManager+0] Using in-memory cached assignable users.
2026-05-08 10:42:37.151 [info] [Review+0] No matching pull request metadata found locally for current branch main
2026-05-08 10:42:38.256 [info] [Review+0] No matching pull request metadata found on GitHub for current branch main
2026-05-08 10:47:38.897 [info] [Review+0] Polling for state change...
2026-05-08 10:47:38.901 [info] [Review+0] Validate state in progress
2026-05-08 10:47:38.901 [info] [Review+0] Validating state...
2026-05-08 10:47:39.060 [info] [FolderRepositoryManager+0] Found GitHub remote for folder /workspaces/family-monitor
2026-05-08 10:47:39.060 [info] [FolderRepositoryManager+0] Using in-memory cached assignable users.
2026-05-08 10:47:39.141 [info] [Review+0] No matching pull request metadata found locally for current branch main
2026-05-08 10:47:40.357 [info] [Review+0] No matching pull request metadata found on GitHub for current branch main
2026-05-08 10:52:40.576 [info] [Review+0] Polling for state change...
2026-05-08 10:52:40.581 [info] [Review+0] Validate state in progress
2026-05-08 10:52:40.581 [info] [Review+0] Validating state...
2026-05-08 10:52:40.752 [info] [FolderRepositoryManager+0] Found GitHub remote for folder /workspaces/family-monitor
2026-05-08 10:52:40.752 [info] [FolderRepositoryManager+0] Using in-memory cached assignable users.
2026-05-08 10:52:40.767 [info] [Review+0] No matching pull request metadata found locally for current branch main
2026-05-08 10:52:42.613 [info] [Review+0] No matching pull request metadata found on GitHub for current branch main
2026-05-08 10:57:42.986 [info] [Review+0] Polling for state change...
2026-05-08 10:57:42.986 [info] [Review+0] Validate state in progress
2026-05-08 10:57:42.986 [info] [Review+0] Validating state...
2026-05-08 10:59:42.986 [error] [Review+0] Timeout occurred while validating state.
2026-05-08 11:04:42.987 [info] [Review+0] Polling for state change...
2026-05-08 11:07:49.202 [info] [FolderRepositoryManager+0] Found GitHub remote for folder /workspaces/family-monitor
2026-05-08 11:07:49.203 [info] [FolderRepositoryManager+0] Using in-memory cached assignable users.
2026-05-08 11:07:49.215 [info] [Review+0] No matching pull request metadata found locally for current branch main
2026-05-08 11:07:50.866 [info] [Review+0] No matching pull request metadata found on GitHub for current branch main
2026-05-08 11:09:42.989 [info] [Review+0] Polling for state change...
2026-05-08 11:09:42.989 [info] [Review+0] Validate state in progress
2026-05-08 11:09:42.989 [info] [Review+0] Validating state...
2026-05-08 11:10:10.397 [info] [FolderRepositoryManager+0] Found GitHub remote for folder /workspaces/family-monitor
2026-05-08 11:10:10.397 [info] [FolderRepositoryManager+0] Using in-memory cached assignable users.
2026-05-08 11:10:10.410 [info] [Review+0] No matching pull request metadata found locally for current branch main
2026-05-08 11:10:11.639 [info] [Review+0] No matching pull request metadata found on GitHub for current branch main
2026-05-08 11:15:11.880 [info] [Review+0] Polling for state change...
2026-05-08 11:15:11.882 [info] [Review+0] Validate state in progress
2026-05-08 11:15:11.882 [info] [Review+0] Validating state...
2026-05-08 11:15:12.002 [info] [FolderRepositoryManager+0] Found GitHub remote for folder /workspaces/family-monitor
2026-05-08 11:15:12.002 [info] [FolderRepositoryManager+0] Using in-memory cached assignable users.
2026-05-08 11:15:12.019 [info] [Review+0] No matching pull request metadata found locally for current branch main
2026-05-08 11:15:13.437 [info] [Review+0] No matching pull request metadata found on GitHub for current branch main
2026-05-08 11:20:13.833 [info] [Review+0] Polling for state change...
2026-05-08 11:20:13.834 [info] [Review+0] Validate state in progress
2026-05-08 11:20:13.834 [info] [Review+0] Validating state...
2026-05-08 11:20:13.949 [info] [FolderRepositoryManager+0] Found GitHub remote for folder /workspaces/family-monitor
2026-05-08 11:20:13.949 [info] [FolderRepositoryManager+0] Using in-memory cached assignable users.
2026-05-08 11:20:13.960 [info] [Review+0] No matching pull request metadata found locally for current branch main
2026-05-08 11:20:15.340 [info] [Review+0] No matching pull request metadata found on GitHub for current branch main
2026-05-08 11:25:15.634 [info] [Review+0] Polling for state change...
2026-05-08 11:25:15.635 [info] [Review+0] Validate state in progress
2026-05-08 11:25:15.636 [info] [Review+0] Validating state...
2026-05-08 11:25:15.781 [info] [FolderRepositoryManager+0] Found GitHub remote for folder /workspaces/family-monitor
2026-05-08 11:25:15.781 [info] [FolderRepositoryManager+0] Using in-memory cached assignable users.
2026-05-08 11:25:15.811 [info] [Review+0] No matching pull request metadata found locally for current branch main
2026-05-08 11:25:16.899 [info] [Review+0] No matching pull request metadata found on GitHub for current branch main
2026-05-08 11:30:17.170 [info] [Review+0] Polling for state change...
2026-05-08 11:30:17.172 [info] [Review+0] Validate state in progress
2026-05-08 11:30:17.172 [info] [Review+0] Validating state...
2026-05-08 11:30:17.275 [info] [FolderRepositoryManager+0] Found GitHub remote for folder /workspaces/family-monitor
2026-05-08 11:30:17.275 [info] [FolderRepositoryManager+0] Using in-memory cached assignable users.
2026-05-08 11:30:17.306 [info] [Review+0] No matching pull request metadata found locally for current branch main
2026-05-08 11:30:18.452 [info] [Review+0] No matching pull request metadata found on GitHub for current branch main
2026-05-08 11:35:18.676 [info] [Review+0] Polling for state change...
2026-05-08 11:35:18.678 [info] [Review+0] Validate state in progress
2026-05-08 11:35:18.678 [info] [Review+0] Validating state...
2026-05-08 11:35:42.899 [info] [FolderRepositoryManager+0] Found GitHub remote for folder /workspaces/family-monitor
2026-05-08 11:35:42.899 [info] [FolderRepositoryManager+0] Using in-memory cached assignable users.
2026-05-08 11:35:42.914 [info] [Review+0] No matching pull request metadata found locally for current branch main
2026-05-08 11:35:44.070 [info] [Review+0] No matching pull request metadata found on GitHub for current branch main
2026-05-08 11:40:44.544 [info] [Review+0] Polling for state change...
2026-05-08 11:40:44.546 [info] [Review+0] Validate state in progress
2026-05-08 11:40:44.546 [info] [Review+0] Validating state...
2026-05-08 11:40:44.652 [info] [FolderRepositoryManager+0] Found GitHub remote for folder /workspaces/family-monitor
2026-05-08 11:40:44.652 [info] [FolderRepositoryManager+0] Using in-memory cached assignable users.
2026-05-08 11:40:44.671 [info] [Review+0] No matching pull request metadata found locally for current branch main
2026-05-08 11:40:45.755 [info] [Review+0] No matching pull request metadata found on GitHub for current branch main
2026-05-08 11:45:46.006 [info] [Review+0] Polling for state change...
2026-05-08 11:45:46.009 [info] [Review+0] Validate state in progress
2026-05-08 11:45:46.009 [info] [Review+0] Validating state...
2026-05-08 11:45:46.143 [info] [FolderRepositoryManager+0] Found GitHub remote for folder /workspaces/family-monitor
2026-05-08 11:45:46.143 [info] [FolderRepositoryManager+0] Using in-memory cached assignable users.
2026-05-08 11:45:46.182 [info] [Review+0] No matching pull request metadata found locally for current branch main
2026-05-08 11:45:47.546 [info] [Review+0] No matching pull request metadata found on GitHub for current branch main
2026-05-08 11:50:47.781 [info] [Review+0] Polling for state change...
2026-05-08 11:50:47.784 [info] [Review+0] Validate state in progress
2026-05-08 11:50:47.785 [info] [Review+0] Validating state...
2026-05-08 11:50:47.909 [info] [FolderRepositoryManager+0] Found GitHub remote for folder /workspaces/family-monitor
2026-05-08 11:50:47.909 [info] [FolderRepositoryManager+0] Using in-memory cached assignable users.
2026-05-08 11:50:47.943 [info] [Review+0] No matching pull request metadata found locally for current branch main
2026-05-08 11:50:49.147 [info] [Review+0] No matching pull request metadata found on GitHub for current branch main
2026-05-08 11:55:49.504 [info] [Review+0] Polling for state change...
2026-05-08 11:55:49.506 [info] [Review+0] Validate state in progress
2026-05-08 11:55:49.506 [info] [Review+0] Validating state...
2026-05-08 11:55:49.596 [info] [FolderRepositoryManager+0] Found GitHub remote for folder /workspaces/family-monitor
2026-05-08 11:55:49.596 [info] [FolderRepositoryManager+0] Using in-memory cached assignable users.
2026-05-08 11:55:49.612 [info] [Review+0] No matching pull request metadata found locally for current branch main
2026-05-08 11:55:50.703 [info] [Review+0] No matching pull request metadata found on GitHub for current branch main
2026-05-08 12:00:50.905 [info] [Review+0] Polling for state change...
2026-05-08 12:00:50.909 [info] [Review+0] Validate state in progress
2026-05-08 12:00:50.909 [info] [Review+0] Validating state...
2026-05-08 12:00:51.026 [info] [FolderRepositoryManager+0] Found GitHub remote for folder /workspaces/family-monitor
2026-05-08 12:00:51.026 [info] [FolderRepositoryManager+0] Using in-memory cached assignable users.
2026-05-08 12:00:51.087 [info] [Review+0] No matching pull request metadata found locally for current branch main
2026-05-08 12:00:52.294 [info] [Review+0] No matching pull request metadata found on GitHub for current branch main
2026-05-08 12:05:52.535 [info] [Review+0] Polling for state change...
2026-05-08 12:05:52.949 [info] [Review+0] Validate state in progress
2026-05-08 12:05:52.949 [info] [Review+0] Validating state...
2026-05-08 12:05:53.071 [info] [FolderRepositoryManager+0] Found GitHub remote for folder /workspaces/family-monitor
2026-05-08 12:05:53.071 [info] [FolderRepositoryManager+0] Using in-memory cached assignable users.
2026-05-08 12:05:53.107 [info] [Review+0] No matching pull request metadata found locally for current branch main
2026-05-08 12:05:54.390 [info] [Review+0] No matching pull request metadata found on GitHub for current branch main
2026-05-08 12:10:54.797 [info] [Review+0] Polling for state change...
2026-05-08 12:10:54.800 [info] [Review+0] Validate state in progress
2026-05-08 12:10:54.800 [info] [Review+0] Validating state...
2026-05-08 12:10:54.921 [info] [FolderRepositoryManager+0] Found GitHub remote for folder /workspaces/family-monitor
2026-05-08 12:10:54.921 [info] [FolderRepositoryManager+0] Using in-memory cached assignable users.
2026-05-08 12:10:54.947 [info] [Review+0] No matching pull request metadata found locally for current branch main
2026-05-08 12:10:56.094 [info] [Review+0] No matching pull request metadata found on GitHub for current branch main
2026-05-08 12:15:57.296 [info] [Review+0] Polling for state change...
2026-05-08 12:15:57.298 [info] [Review+0] Validate state in progress
2026-05-08 12:15:57.298 [info] [Review+0] Validating state...
2026-05-08 12:17:57.301 [error] [Review+0] Timeout occurred while validating state.
2026-05-08 12:22:57.301 [info] [Review+0] Polling for state change...
2026-05-08 12:27:57.302 [info] [Review+0] Polling for state change...
2026-05-08 12:32:57.303 [info] [Review+0] Polling for state change...
2026-05-08 12:37:57.302 [info] [Review+0] Polling for state change...
2026-05-08 12:42:57.302 [info] [Review+0] Polling for state change...
2026-05-08 12:47:57.319 [info] [Review+0] Polling for state change...
2026-05-08 12:52:57.320 [info] [Review+0] Polling for state change...
