2026-05-08 12:12:11.460 [warning] /home/codespace/.ssh/config: ENOENT: no such file or directory, open '/home/codespace/.ssh/config'
2026-05-08 12:12:11.460 [info] [Activation] Extension version: 0.142.0
2026-05-08 12:12:11.914 [info] [Authentication] Creating hub for .com
2026-05-08 12:12:13.995 [info] [Activation] Registering built in git provider.
2026-05-08 12:12:13.995 [info] [Activation] Looking for git repository
2026-05-08 12:12:13.995 [info] [Activation] Found 0 repositories during activation
2026-05-08 12:12:13.995 [info] [Activation] Git repository found, initializing review manager and pr tree view.
2026-05-08 12:12:14.040 [info] [GitAPI] Registering git provider
2026-05-08 12:12:14.040 [info] [Review+0] Validate state in progress
2026-05-08 12:12:14.040 [info] [Review+0] Validating state...
2026-05-08 12:12:14.040 [info] [Review+1] Validate state in progress
2026-05-08 12:12:14.040 [info] [Review+1] Validating state...
2026-05-08 12:12:14.327 [info] [Activation] Repo state for file:///workspaces/family-monitor changed.
2026-05-08 12:12:14.327 [info] [Activation] Repo file:///workspaces/family-monitor has already been setup.
2026-05-08 12:12:14.512 [info] [FolderRepositoryManager+0] Found GitHub remote for folder /workspaces/family-monitor/flutter
2026-05-08 12:12:14.523 [info] [FolderRepositoryManager+1] Found GitHub remote for folder /workspaces/family-monitor
2026-05-08 12:12:14.679 [info] [GitPostCommitCommands] Trying to register post commit commands.
2026-05-08 12:12:14.679 [info] [GitPostCommitCommands] GitHub remote(s) found, registering post commit commands.
2026-05-08 12:12:14.679 [info] [GitPostCommitCommands] Looking for remote. Comparing 1 local repo remotes with 2 GitHub repositories.
2026-05-08 12:12:14.679 [info] [GitPostCommitCommands] Found a repo when getting post commit commands.
2026-05-08 12:12:14.679 [info] [GitPostCommitCommands] Looking for remote. Comparing 1 local repo remotes with 2 GitHub repositories.
2026-05-08 12:12:14.679 [info] [GitPostCommitCommands] Found a repo when getting post commit commands.
2026-05-08 12:12:16.101 [info] [FolderRepositoryManager+1] Trying to use globalState for assignableUsers.
2026-05-08 12:12:16.492 [info] [Review+1] No matching pull request metadata found locally for current branch main
2026-05-08 12:12:17.190 [info] [GitPostCommitCommands] Looking for remote. Comparing 1 local repo remotes with 2 GitHub repositories.
2026-05-08 12:12:17.190 [info] [GitPostCommitCommands] Found a repo when getting post commit commands.
2026-05-08 12:12:17.190 [info] [GitPostCommitCommands] Looking for remote. Comparing 1 local repo remotes with 2 GitHub repositories.
2026-05-08 12:12:17.190 [info] [GitPostCommitCommands] Found a repo when getting post commit commands.
2026-05-08 12:12:17.368 [info] [FolderRepositoryManager+0] Trying to use globalState for assignableUsers.
2026-05-08 12:12:17.368 [info] [FolderRepositoryManager+0] First activation: associating local branches with PRs
2026-05-08 12:12:17.627 [info] [Review+0] No matching pull request metadata found locally for current branch stable
2026-05-08 12:12:18.339 [info] [FolderRepositoryManager+1] Using globalState assignableUsers for 1.
2026-05-08 12:12:18.748 [info] [Review+1] No matching pull request metadata found on GitHub for current branch main
2026-05-08 12:12:18.757 [info] [FolderRepositoryManager+0] No globalState for assignableUsers.
2026-05-08 12:12:20.607 [info] [FolderRepositoryManager+0] Branch association complete: 0 branches associated with PRs
2026-05-08 12:12:20.607 [info] [Review+0] No matching pull request metadata found on GitHub for current branch stable
2026-05-08 12:12:26.072 [info] [GitPostCommitCommands] Looking for remote. Comparing 1 local repo remotes with 2 GitHub repositories.
2026-05-08 12:12:26.073 [info] [GitPostCommitCommands] Found a repo when getting post commit commands.
2026-05-08 12:12:26.073 [info] [GitPostCommitCommands] Looking for remote. Comparing 1 local repo remotes with 2 GitHub repositories.
2026-05-08 12:12:26.073 [info] [GitPostCommitCommands] Found a repo when getting post commit commands.
2026-05-08 12:12:26.073 [info] [Activation] Repo state for file:///workspaces/family-monitor/flutter changed.
2026-05-08 12:12:26.073 [info] [Activation] Repo file:///workspaces/family-monitor/flutter has already been setup.
2026-05-08 12:12:26.806 [info] [GitPostCommitCommands] Looking for remote. Comparing 1 local repo remotes with 2 GitHub repositories.
2026-05-08 12:12:26.806 [info] [GitPostCommitCommands] Found a repo when getting post commit commands.
2026-05-08 12:12:26.806 [info] [GitPostCommitCommands] Looking for remote. Comparing 1 local repo remotes with 2 GitHub repositories.
2026-05-08 12:12:26.806 [info] [GitPostCommitCommands] Found a repo when getting post commit commands.
2026-05-08 12:17:14.025 [info] [Review+0] Polling for state change...
2026-05-08 12:17:14.025 [info] [Review+0] Validate state in progress
2026-05-08 12:17:14.025 [info] [Review+0] Validating state...
2026-05-08 12:17:14.041 [info] [Review+1] Polling for state change...
2026-05-08 12:17:14.041 [info] [Review+1] Validate state in progress
2026-05-08 12:17:14.041 [info] [Review+1] Validating state...
2026-05-08 12:19:14.026 [error] [Review+0] Timeout occurred while validating state.
2026-05-08 12:19:14.041 [error] [Review+1] Timeout occurred while validating state.
