2026-05-08 12:15:20.721 [warning] /home/codespace/.ssh/config: ENOENT: no such file or directory, open '/home/codespace/.ssh/config'
2026-05-08 12:15:20.721 [info] [Activation] Extension version: 0.142.0
2026-05-08 12:15:22.458 [info] [Authentication] Creating hub for .com
2026-05-08 12:15:23.335 [info] [Activation] Registering built in git provider.
2026-05-08 12:15:23.338 [info] [Activation] Looking for git repository
2026-05-08 12:15:23.338 [info] [Activation] Found 0 repositories during activation
2026-05-08 12:15:23.338 [info] [Activation] Git repository found, initializing review manager and pr tree view.
2026-05-08 12:15:23.402 [info] [GitAPI] Registering git provider
2026-05-08 12:15:23.402 [info] [Review+0] Validate state in progress
2026-05-08 12:15:23.402 [info] [Review+0] Validating state...
2026-05-08 12:15:23.402 [info] [Review+1] Validate state in progress
2026-05-08 12:15:23.402 [info] [Review+1] Validating state...
2026-05-08 12:15:25.443 [info] [FolderRepositoryManager+1] Found GitHub remote for folder /workspaces/family-monitor
2026-05-08 12:15:25.443 [info] [FolderRepositoryManager+0] Found GitHub remote for folder /workspaces/family-monitor/flutter
2026-05-08 12:15:25.499 [info] [Activation] Repo state for file:///workspaces/family-monitor/flutter changed.
2026-05-08 12:15:25.499 [info] [Activation] Repo file:///workspaces/family-monitor/flutter has already been setup.
2026-05-08 12:15:25.776 [info] [GitPostCommitCommands] Trying to register post commit commands.
2026-05-08 12:15:25.776 [info] [GitPostCommitCommands] GitHub remote(s) found, registering post commit commands.
2026-05-08 12:15:25.776 [info] [GitPostCommitCommands] Looking for remote. Comparing 1 local repo remotes with 2 GitHub repositories.
2026-05-08 12:15:25.776 [info] [GitPostCommitCommands] Found a repo when getting post commit commands.
2026-05-08 12:15:25.776 [info] [GitPostCommitCommands] Looking for remote. Comparing 1 local repo remotes with 2 GitHub repositories.
2026-05-08 12:15:25.776 [info] [GitPostCommitCommands] Found a repo when getting post commit commands.
2026-05-08 12:15:25.776 [info] [GitPostCommitCommands] Looking for remote. Comparing 1 local repo remotes with 2 GitHub repositories.
2026-05-08 12:15:25.776 [info] [GitPostCommitCommands] Found a repo when getting post commit commands.
2026-05-08 12:15:25.776 [info] [GitPostCommitCommands] Looking for remote. Comparing 1 local repo remotes with 2 GitHub repositories.
2026-05-08 12:15:25.776 [info] [GitPostCommitCommands] Found a repo when getting post commit commands.
2026-05-08 12:15:26.061 [info] [GitPostCommitCommands] Looking for remote. Comparing 1 local repo remotes with 2 GitHub repositories.
2026-05-08 12:15:26.061 [info] [GitPostCommitCommands] Found a repo when getting post commit commands.
2026-05-08 12:15:26.061 [info] [GitPostCommitCommands] Looking for remote. Comparing 1 local repo remotes with 2 GitHub repositories.
2026-05-08 12:15:26.061 [info] [GitPostCommitCommands] Found a repo when getting post commit commands.
2026-05-08 12:15:26.605 [info] [FolderRepositoryManager+1] Trying to use globalState for assignableUsers.
2026-05-08 12:15:26.721 [info] [Review+1] No matching pull request metadata found locally for current branch main
2026-05-08 12:15:26.883 [info] [FolderRepositoryManager+0] Trying to use globalState for assignableUsers.
2026-05-08 12:15:27.278 [info] [Review+0] No matching pull request metadata found locally for current branch stable
2026-05-08 12:15:27.654 [info] [FolderRepositoryManager+1] Using globalState assignableUsers for 1.
2026-05-08 12:15:27.873 [info] [FolderRepositoryManager+0] Using globalState assignableUsers for 1.
2026-05-08 12:15:28.193 [info] [Review+1] No matching pull request metadata found on GitHub for current branch main
2026-05-08 12:15:29.705 [info] [Review+0] No matching pull request metadata found on GitHub for current branch stable
2026-05-08 12:17:57.368 [info] [Activation] Repo state for file:///workspaces/family-monitor changed.
2026-05-08 12:17:57.368 [info] [Activation] Repo file:///workspaces/family-monitor has already been setup.
2026-05-08 12:20:23.378 [info] [Review+0] Polling for state change...
2026-05-08 12:20:23.378 [info] [Review+0] Validate state in progress
2026-05-08 12:20:23.378 [info] [Review+0] Validating state...
2026-05-08 12:20:23.402 [info] [Review+1] Polling for state change...
2026-05-08 12:20:23.402 [info] [Review+1] Validate state in progress
2026-05-08 12:20:23.402 [info] [Review+1] Validating state...
2026-05-08 12:20:23.525 [info] [FolderRepositoryManager+0] Found GitHub remote for folder /workspaces/family-monitor/flutter
2026-05-08 12:20:23.527 [info] [FolderRepositoryManager+0] Using in-memory cached assignable users.
2026-05-08 12:20:23.551 [info] [FolderRepositoryManager+1] Found GitHub remote for folder /workspaces/family-monitor
2026-05-08 12:20:23.552 [info] [FolderRepositoryManager+1] Using in-memory cached assignable users.
2026-05-08 12:20:23.568 [info] [Review+0] No matching pull request metadata found locally for current branch stable
2026-05-08 12:20:23.583 [info] [Review+1] No matching pull request metadata found locally for current branch main
2026-05-08 12:20:24.767 [info] [Review+1] No matching pull request metadata found on GitHub for current branch main
2026-05-08 12:20:26.963 [info] [Review+0] No matching pull request metadata found on GitHub for current branch stable
2026-05-08 12:25:26.411 [info] [Review+1] Polling for state change...
2026-05-08 12:25:26.411 [info] [Review+1] Validate state in progress
2026-05-08 12:25:26.411 [info] [Review+1] Validating state...
2026-05-08 12:25:27.344 [info] [Review+0] Polling for state change...
2026-05-08 12:25:27.344 [info] [Review+0] Validate state in progress
2026-05-08 12:25:27.344 [info] [Review+0] Validating state...
2026-05-08 12:27:26.414 [error] [Review+1] Timeout occurred while validating state.
2026-05-08 12:27:27.345 [error] [Review+0] Timeout occurred while validating state.
2026-05-08 12:28:02.070 [info] [FolderRepositoryManager+1] Found GitHub remote for folder /workspaces/family-monitor
2026-05-08 12:28:02.070 [info] [FolderRepositoryManager+0] Found GitHub remote for folder /workspaces/family-monitor/flutter
2026-05-08 12:28:02.073 [info] [FolderRepositoryManager+1] Using in-memory cached assignable users.
2026-05-08 12:28:02.073 [info] [FolderRepositoryManager+0] Using in-memory cached assignable users.
2026-05-08 12:28:02.104 [info] [Review+1] No matching pull request metadata found locally for current branch main
2026-05-08 12:28:02.105 [info] [Review+0] No matching pull request metadata found locally for current branch stable
2026-05-08 12:28:02.887 [info] [Review+0] Skipping GitHub check for branch stable: no new PRs since last check
2026-05-08 12:28:02.887 [info] [Review+0] No matching pull request metadata found on GitHub for current branch stable
2026-05-08 12:28:03.341 [info] [Review+1] No matching pull request metadata found on GitHub for current branch main
2026-05-08 12:32:26.416 [info] [Review+1] Polling for state change...
2026-05-08 12:32:26.427 [info] [Review+1] Validate state in progress
2026-05-08 12:32:26.427 [info] [Review+1] Validating state...
2026-05-08 12:32:26.749 [info] [FolderRepositoryManager+1] Found GitHub remote for folder /workspaces/family-monitor
2026-05-08 12:32:26.750 [info] [FolderRepositoryManager+1] Using in-memory cached assignable users.
2026-05-08 12:32:26.823 [info] [Review+1] No matching pull request metadata found locally for current branch main
2026-05-08 12:32:27.345 [info] [Review+0] Polling for state change...
2026-05-08 12:32:27.345 [info] [Review+0] Validate state in progress
2026-05-08 12:32:27.345 [info] [Review+0] Validating state...
2026-05-08 12:32:27.805 [info] [FolderRepositoryManager+0] Found GitHub remote for folder /workspaces/family-monitor/flutter
2026-05-08 12:32:27.806 [info] [FolderRepositoryManager+0] Using in-memory cached assignable users.
2026-05-08 12:32:27.842 [info] [Review+0] No matching pull request metadata found locally for current branch stable
2026-05-08 12:32:28.311 [info] [Review+1] No matching pull request metadata found on GitHub for current branch main
2026-05-08 12:32:28.581 [info] [Review+0] Skipping GitHub check for branch stable: no new PRs since last check
2026-05-08 12:32:28.581 [info] [Review+0] No matching pull request metadata found on GitHub for current branch stable
2026-05-08 12:37:28.879 [info] [Review+1] Polling for state change...
2026-05-08 12:37:28.881 [info] [Review+1] Validate state in progress
2026-05-08 12:37:28.881 [info] [Review+1] Validating state...
2026-05-08 12:37:28.895 [info] [Review+0] Polling for state change...
2026-05-08 12:37:28.895 [info] [Review+0] Validate state in progress
2026-05-08 12:37:28.895 [info] [Review+0] Validating state...
2026-05-08 12:37:29.014 [info] [FolderRepositoryManager+1] Found GitHub remote for folder /workspaces/family-monitor
2026-05-08 12:37:29.016 [info] [FolderRepositoryManager+1] Using in-memory cached assignable users.
2026-05-08 12:37:29.036 [info] [FolderRepositoryManager+0] Found GitHub remote for folder /workspaces/family-monitor/flutter
2026-05-08 12:37:29.037 [info] [FolderRepositoryManager+0] Using in-memory cached assignable users.
2026-05-08 12:37:29.056 [info] [Review+1] No matching pull request metadata found locally for current branch main
2026-05-08 12:37:29.062 [info] [Review+0] No matching pull request metadata found locally for current branch stable
2026-05-08 12:37:29.681 [info] [Review+0] Skipping GitHub check for branch stable: no new PRs since last check
2026-05-08 12:37:29.681 [info] [Review+0] No matching pull request metadata found on GitHub for current branch stable
2026-05-08 12:37:30.143 [info] [Review+1] No matching pull request metadata found on GitHub for current branch main
2026-05-08 12:42:29.899 [info] [Review+0] Polling for state change...
2026-05-08 12:42:29.907 [info] [Review+0] Validate state in progress
2026-05-08 12:42:29.907 [info] [Review+0] Validating state...
2026-05-08 12:42:30.258 [info] [FolderRepositoryManager+0] Found GitHub remote for folder /workspaces/family-monitor/flutter
2026-05-08 12:42:30.263 [info] [FolderRepositoryManager+0] Using in-memory cached assignable users.
2026-05-08 12:42:30.311 [info] [Review+0] No matching pull request metadata found locally for current branch stable
2026-05-08 12:42:30.370 [info] [Review+1] Polling for state change...
2026-05-08 12:42:30.370 [info] [Review+1] Validate state in progress
2026-05-08 12:42:30.370 [info] [Review+1] Validating state...
2026-05-08 12:42:30.734 [info] [FolderRepositoryManager+1] Found GitHub remote for folder /workspaces/family-monitor
2026-05-08 12:42:30.735 [info] [FolderRepositoryManager+1] Using in-memory cached assignable users.
2026-05-08 12:42:30.774 [info] [Review+1] No matching pull request metadata found locally for current branch main
2026-05-08 12:42:31.174 [info] [Review+0] Skipping GitHub check for branch stable: no new PRs since last check
2026-05-08 12:42:31.174 [info] [Review+0] No matching pull request metadata found on GitHub for current branch stable
2026-05-08 12:42:32.059 [info] [Review+1] No matching pull request metadata found on GitHub for current branch main
2026-05-08 12:47:31.442 [info] [Review+0] Polling for state change...
2026-05-08 12:47:31.445 [info] [Review+0] Validate state in progress
2026-05-08 12:47:31.445 [info] [Review+0] Validating state...
2026-05-08 12:47:31.580 [info] [FolderRepositoryManager+0] Found GitHub remote for folder /workspaces/family-monitor/flutter
2026-05-08 12:47:31.582 [info] [FolderRepositoryManager+0] Using in-memory cached assignable users.
2026-05-08 12:47:31.640 [info] [Review+0] No matching pull request metadata found locally for current branch stable
2026-05-08 12:47:32.372 [info] [Review+0] Skipping GitHub check for branch stable: no new PRs since last check
2026-05-08 12:47:32.372 [info] [Review+0] No matching pull request metadata found on GitHub for current branch stable
2026-05-08 12:47:33.638 [info] [Review+1] Polling for state change...
2026-05-08 12:47:33.638 [info] [Review+1] Validate state in progress
2026-05-08 12:47:33.638 [info] [Review+1] Validating state...
2026-05-08 12:47:33.821 [info] [FolderRepositoryManager+1] Found GitHub remote for folder /workspaces/family-monitor
2026-05-08 12:47:33.821 [info] [FolderRepositoryManager+1] Using in-memory cached assignable users.
2026-05-08 12:47:33.888 [info] [Review+1] No matching pull request metadata found locally for current branch main
2026-05-08 12:47:35.250 [info] [Review+1] No matching pull request metadata found on GitHub for current branch main
2026-05-08 12:52:32.651 [info] [Review+0] Polling for state change...
2026-05-08 12:52:32.651 [info] [Review+0] Validate state in progress
2026-05-08 12:52:32.651 [info] [Review+0] Validating state...
2026-05-08 12:52:34.265 [info] [FolderRepositoryManager+0] Found GitHub remote for folder /workspaces/family-monitor/flutter
2026-05-08 12:52:34.265 [info] [FolderRepositoryManager+0] Using in-memory cached assignable users.
2026-05-08 12:52:34.282 [info] [Review+0] No matching pull request metadata found locally for current branch stable
2026-05-08 12:52:35.491 [info] [Review+0] Skipping GitHub check for branch stable: no new PRs since last check
2026-05-08 12:52:35.491 [info] [Review+0] No matching pull request metadata found on GitHub for current branch stable
2026-05-08 12:52:35.590 [info] [Review+1] Polling for state change...
2026-05-08 12:52:35.590 [info] [Review+1] Validate state in progress
2026-05-08 12:52:35.590 [info] [Review+1] Validating state...
2026-05-08 12:52:35.722 [info] [FolderRepositoryManager+1] Found GitHub remote for folder /workspaces/family-monitor
2026-05-08 12:52:35.722 [info] [FolderRepositoryManager+1] Using in-memory cached assignable users.
2026-05-08 12:52:35.753 [info] [Review+1] No matching pull request metadata found locally for current branch main
2026-05-08 12:52:37.008 [info] [Review+1] No matching pull request metadata found on GitHub for current branch main
