2026-05-08 12:15:19.248 [info] [main] Log level: Info
2026-05-08 12:15:19.248 [info] [main] Validating found git in: "git"
2026-05-08 12:15:19.248 [info] [main] Using git "2.53.0" from "git"
2026-05-08 12:15:19.248 [info] [Model][doInitialScan] Initial repository scan started
2026-05-08 12:15:19.248 [info] > git rev-parse --show-toplevel [27ms]
2026-05-08 12:15:19.254 [info] > git rev-parse --git-dir --git-common-dir --show-superproject-working-tree [15ms]
2026-05-08 12:15:19.539 [info] [Model][openRepository] Opened repository (path): /workspaces/family-monitor
2026-05-08 12:15:19.540 [info] [Model][openRepository] Opened repository (real path): /workspaces/family-monitor
2026-05-08 12:15:19.540 [info] [Model][openRepository] Opened repository (kind): repository
2026-05-08 12:15:20.472 [info] > git rev-parse --show-toplevel [608ms]
2026-05-08 12:15:20.473 [info] > git config --get commit.template [641ms]
2026-05-08 12:15:20.643 [info] > git rev-parse --show-toplevel [142ms]
2026-05-08 12:15:21.211 [info] > git rev-parse --git-dir --git-common-dir --show-superproject-working-tree [552ms]
2026-05-08 12:15:21.212 [info] > git for-each-ref --format=%(refname)%00%(upstream:short)%00%(objectname)%00%(upstream:track)%00%(upstream:remotename)%00%(upstream:remoteref) refs/heads/main refs/remotes/main [584ms]
2026-05-08 12:15:21.238 [warning] [Git][revParse] Unable to read file: ENOENT: no such file or directory, open '/workspaces/family-monitor/.git/refs/remotes/origin/main'
2026-05-08 12:15:21.320 [info] > git rev-parse refs/remotes/origin/main [83ms]
2026-05-08 12:15:21.416 [info] > git status -z -uall [71ms]
2026-05-08 12:15:21.417 [info] > git for-each-ref --sort -committerdate --format %(refname)%00%(objectname)%00%(*objectname) [34ms]
2026-05-08 12:15:21.482 [info] > git for-each-ref --format=%(refname)%00%(upstream:short)%00%(objectname)%00%(upstream:track)%00%(upstream:remotename)%00%(upstream:remoteref) refs/heads/main refs/remotes/main [21ms]
2026-05-08 12:15:21.510 [info] > git config --get commit.template [29ms]
2026-05-08 12:15:21.515 [info] > git config --get --local branch.main.vscode-merge-base [15ms]
2026-05-08 12:15:21.580 [info] [Model][openRepository] Opened repository (path): /workspaces/family-monitor/flutter
2026-05-08 12:15:21.580 [info] [Model][openRepository] Opened repository (real path): /workspaces/family-monitor/flutter
2026-05-08 12:15:21.580 [info] [Model][openRepository] Opened repository (kind): repository
2026-05-08 12:15:21.586 [info] [Model][doInitialScan] Initial repository scan completed - repositories (2), closed repositories (0), parent repositories (0), unsafe repositories (0)
2026-05-08 12:15:21.587 [info] > git for-each-ref --format=%(refname)%00%(upstream:short)%00%(objectname)%00%(upstream:track)%00%(upstream:remotename)%00%(upstream:remoteref) refs/heads/origin/main refs/remotes/origin/main [51ms]
2026-05-08 12:15:21.631 [info] > git merge-base refs/heads/main refs/remotes/origin/main [35ms]
2026-05-08 12:15:21.637 [info] > git for-each-ref --format=%(refname)%00%(upstream:short)%00%(objectname)%00%(upstream:track)%00%(upstream:remotename)%00%(upstream:remoteref) refs/heads/main refs/remotes/main [64ms]
2026-05-08 12:15:21.664 [warning] [Git][revParse] Unable to read file: ENOENT: no such file or directory, open '/workspaces/family-monitor/.git/refs/remotes/origin/main'
2026-05-08 12:15:21.666 [info] > git config --get commit.template [35ms]
2026-05-08 12:15:21.681 [info] > git diff --raw --numstat --diff-filter=ADMR -z --find-renames=50% 52f4388e067adca7858d50559969b799c85de997...refs/remotes/origin/main -- [44ms]
2026-05-08 12:15:21.699 [info] > git rev-parse refs/remotes/origin/main [35ms]
2026-05-08 12:15:21.738 [info] > git status -z -uall [24ms]
2026-05-08 12:15:21.738 [info] > git for-each-ref --format=%(refname)%00%(upstream:short)%00%(objectname)%00%(upstream:track)%00%(upstream:remotename)%00%(upstream:remoteref) refs/heads/stable refs/remotes/stable [40ms]
2026-05-08 12:15:21.739 [info] > git for-each-ref --sort -committerdate --format %(refname)%00%(objectname)%00%(*objectname) [11ms]
2026-05-08 12:15:21.768 [warning] [Git][revParse] Unable to read file: ENOENT: no such file or directory, open '/workspaces/family-monitor/flutter/.git/refs/remotes/origin/stable'
2026-05-08 12:15:21.772 [info] > git rev-parse refs/remotes/origin/stable [4ms]
2026-05-08 12:15:21.828 [info] > git for-each-ref --sort -committerdate --format %(refname)%00%(objectname)%00%(*objectname) [38ms]
2026-05-08 12:15:22.866 [info] > git status -z -uall [1088ms]
2026-05-08 12:15:22.934 [info] > git for-each-ref --format=%(refname)%00%(upstream:short)%00%(objectname)%00%(upstream:track)%00%(upstream:remotename)%00%(upstream:remoteref) refs/heads/stable refs/remotes/stable [46ms]
2026-05-08 12:15:23.075 [info] > git config --get commit.template [155ms]
2026-05-08 12:15:23.116 [info] > git config --get --local branch.stable.vscode-merge-base [154ms]
2026-05-08 12:15:23.116 [warning] [Git][config] git config failed: Failed to execute git
2026-05-08 12:15:23.183 [info] > git for-each-ref --format=%(refname)%00%(upstream:short)%00%(objectname)%00%(upstream:track)%00%(upstream:remotename)%00%(upstream:remoteref) refs/heads/stable refs/remotes/stable [28ms]
2026-05-08 12:15:23.184 [info] > git reflog stable --grep-reflog=branch: Created from *. [44ms]
2026-05-08 12:15:23.215 [warning] [Git][revParse] Unable to read file: ENOENT: no such file or directory, open '/workspaces/family-monitor/flutter/.git/refs/remotes/origin/stable'
2026-05-08 12:15:23.421 [info] > git rev-parse refs/remotes/origin/stable [206ms]
2026-05-08 12:15:23.573 [info] > git symbolic-ref --short refs/remotes/origin/HEAD [370ms]
2026-05-08 12:15:23.573 [info] fatal: ref refs/remotes/origin/HEAD is not a symbolic ref
2026-05-08 12:15:23.573 [warning] [Repository][getDefaultBranch] Failed to get default branch details: Failed to execute git.
2026-05-08 12:15:24.223 [info] > git merge-base refs/heads/stable refs/remotes/origin/stable [575ms]
2026-05-08 12:15:24.239 [info] > git for-each-ref --sort -committerdate --format %(refname)%00%(objectname)%00%(*objectname) [667ms]
2026-05-08 12:15:24.241 [info] > git config --local -l [838ms]
2026-05-08 12:15:24.245 [info] > git config --local -l [868ms]
2026-05-08 12:15:24.249 [info] > git diff --raw --numstat --diff-filter=ADMR -z --find-renames=50% 00b0c91f06209d9e4a41f71b7a512d6eb3b9c694...refs/remotes/origin/stable -- [11ms]
2026-05-08 12:15:25.493 [info] > git status -z -uall [2031ms]
2026-05-08 12:15:25.493 [info] > git config --local -l [198ms]
2026-05-08 12:15:25.494 [info] > git config --local -l [234ms]
2026-05-08 12:15:25.495 [info] > git config --local -l [246ms]
2026-05-08 12:15:25.495 [info] > git config --local -l [258ms]
2026-05-08 12:15:26.721 [info] > git config --local -l [51ms]
2026-05-08 12:15:26.728 [info] > git config --local -l [125ms]
2026-05-08 12:15:26.729 [info] > git config --local -l [154ms]
2026-05-08 12:15:26.730 [info] > git config --local -l [212ms]
2026-05-08 12:15:26.730 [info] > git config --local -l [246ms]
2026-05-08 12:15:27.278 [info] > git config --local -l [376ms]
2026-05-08 12:15:27.284 [info] > git config --local -l [403ms]
2026-05-08 12:15:27.287 [info] > git config --local -l [416ms]
2026-05-08 12:15:27.287 [info] > git config --local -l [435ms]
2026-05-08 12:15:27.288 [info] > git config --local -l [458ms]
2026-05-08 12:17:56.313 [info] > git config --get commit.template [3ms]
2026-05-08 12:17:56.313 [info] > git config --get commit.template [16ms]
2026-05-08 12:17:56.350 [info] > git for-each-ref --format=%(refname)%00%(upstream:short)%00%(objectname)%00%(upstream:track)%00%(upstream:remotename)%00%(upstream:remoteref) refs/heads/stable refs/remotes/stable [16ms]
2026-05-08 12:17:56.366 [warning] [Git][revParse] Unable to read file: ENOENT: no such file or directory, open '/workspaces/family-monitor/flutter/.git/refs/remotes/origin/stable'
2026-05-08 12:17:56.367 [info] > git for-each-ref --format=%(refname)%00%(upstream:short)%00%(objectname)%00%(upstream:track)%00%(upstream:remotename)%00%(upstream:remoteref) refs/heads/main refs/remotes/main [18ms]
2026-05-08 12:17:56.384 [warning] [Git][revParse] Unable to read file: ENOENT: no such file or directory, open '/workspaces/family-monitor/.git/refs/remotes/origin/main'
2026-05-08 12:17:56.385 [info] > git rev-parse refs/remotes/origin/stable [19ms]
2026-05-08 12:17:56.795 [info] > git rev-parse refs/remotes/origin/main [411ms]
2026-05-08 12:17:57.339 [info] > git status -z -uall [523ms]
2026-05-08 12:17:57.341 [info] > git for-each-ref --sort -committerdate --format %(refname)%00%(objectname)%00%(*objectname) [854ms]
2026-05-08 12:17:57.364 [info] > git for-each-ref --sort -committerdate --format %(refname)%00%(objectname)%00%(*objectname) [524ms]
2026-05-08 12:17:57.392 [info] > git status -z -uall [992ms]
2026-05-08 12:20:23.392 [info] > git config --local -l [4ms]
2026-05-08 12:20:23.417 [info] > git config --local -l [2ms]
2026-05-08 12:20:23.568 [info] > git config --local -l [19ms]
2026-05-08 12:20:23.583 [info] > git config --local -l [17ms]
2026-05-08 12:25:26.426 [info] > git config --local -l [1ms]
2026-05-08 12:25:27.361 [info] > git config --local -l [5ms]
2026-05-08 12:28:02.104 [info] > git config --local -l [16ms]
2026-05-08 12:28:02.105 [info] > git config --local -l [6ms]
2026-05-08 12:32:26.654 [info] > git config --local -l [168ms]
2026-05-08 12:32:26.811 [info] > git config --local -l [11ms]
2026-05-08 12:32:27.631 [info] > git config --local -l [228ms]
2026-05-08 12:32:27.841 [info] > git config --local -l [7ms]
2026-05-08 12:37:28.914 [info] > git config --local -l [19ms]
2026-05-08 12:37:28.918 [info] > git config --local -l [5ms]
2026-05-08 12:37:29.052 [info] > git config --local -l [18ms]
2026-05-08 12:37:29.060 [info] > git config --local -l [10ms]
2026-05-08 12:42:30.174 [info] > git config --local -l [170ms]
2026-05-08 12:42:30.298 [info] > git config --local -l [10ms]
2026-05-08 12:42:30.658 [info] > git config --local -l [215ms]
2026-05-08 12:42:30.774 [info] > git config --local -l [8ms]
2026-05-08 12:47:31.491 [info] > git config --local -l [9ms]
2026-05-08 12:47:31.636 [info] > git config --local -l [6ms]
2026-05-08 12:47:33.736 [info] > git config --local -l [11ms]
2026-05-08 12:47:33.887 [info] > git config --local -l [6ms]
2026-05-08 12:52:32.675 [info] > git config --local -l [8ms]
2026-05-08 12:52:34.281 [info] > git config --local -l [2ms]
2026-05-08 12:52:35.611 [info] > git config --local -l [4ms]
2026-05-08 12:52:35.750 [info] > git config --local -l [5ms]
